// Jest Snapshot v1, https://goo.gl/fbAQLP

exports[`parser: 中文文件解析 1`] = `
Array [
  Object {
    "bookId": "0",
    "content": "取得了多大的成功，其主要原因都不是我知道多少事情，而是我知道在无知的情况下自己应该怎么做。我一生中学到的最重要的东西是一种以原则为基础的生活方式，",
    "createdAt": "2018-02-24T13:05:33.000Z",
    "pageAt": "#86-88",
    "title": "原则",
  },
  Object {
    "bookId": "0",
    "content": "假如没有原则，我们将被迫针对生活中遇到的各种难以预料之事孤立地做出反应，就好像我们是头一次碰到这些事一样。但假如我们把这些情况分成不同的类型，并且拥有处理不同类型情况的良好原则，我们就能更快地做出更好的决策，并因此过上更好的生活。",
    "createdAt": "2018-02-24T17:00:21.000Z",
    "pageAt": "#93-96",
    "title": "原则",
  },
  Object {
    "bookId": "0",
    "content": "而且要保持谦逊和心胸开阔，以便你能动用自己的最佳思维。",
    "createdAt": "2018-02-24T17:19:02.000Z",
    "pageAt": "#119-120",
    "title": "原则",
  },
  Object {
    "bookId": "0",
    "content": "成功的关键在于，既知道如何努力追求很多东西，也知道如何正确地失败。“正确地失败”是指，能够在经历痛苦的失败的过程中吸取重要的教训，从而避免“错误地失败”，即因为失败而被踢出局。",
    "createdAt": "2018-02-26T10:55:34.000Z",
    "pageAt": "#137-139",
    "title": "原则",
  },
  Object {
    "bookId": "0",
    "content": "别人的视角看问题。这让我看到了很多维度，如果我只从自己的视角看",
    "createdAt": "2018-02-26T11:04:44.000Z",
    "pageAt": "#152-152",
    "title": "原则",
  },
  Object {
    "bookId": "0",
    "content": "在独立思考者之间出现的经过深思熟虑的、不掺杂情绪因素的分歧，可以转化为更明智、更有效、能够起到“1 + 1＞2”的效果的可信度加权决策。这些",
    "createdAt": "2018-02-27T11:23:07.000Z",
    "pageAt": "#203-204",
    "title": "原则",
  },
  Object {
    "bookId": "0",
    "content": "在那之后，我将进入生命的新阶段，我将归隐田园。 自己",
    "createdAt": "2018-02-27T11:24:31.000Z",
    "pageAt": "#211-212",
    "title": "原则",
  },
  Object {
    "bookId": "0",
    "content": "时间就像一条河流， 载着我们顺流而下， 遇到现实，需要决策， 但我们无法停留， 也无法回避， 只能以最好的方式应对。",
    "createdAt": "2018-02-27T11:25:18.000Z",
    "pageAt": "#216-220",
    "title": "原则",
  },
  Object {
    "bookId": "0",
    "content": "在一生中，我们会做出无数的决定，这些决定实质上都是赌博，一些是大赌，一些是小赌。思考我们如何做出决定是有好处的，因为这将最终决定我们的生活质量。",
    "createdAt": "2018-02-27T15:47:33.000Z",
    "pageAt": "#225-227",
    "title": "原则",
  },
  Object {
    "bookId": "0",
    "content": "你要问自己要什么，将那些得到了你想要的东西的人作为范例，努力分析出潜藏在他们成就背后的因果关系模式，这样你就能应用这些",
    "createdAt": "2018-02-27T15:48:16.000Z",
    "pageAt": "#231-232",
    "title": "原则",
  },
  Object {
    "bookId": "0",
    "content": "模式，帮助实现自己的目标。",
    "createdAt": "2018-02-27T15:48:30.000Z",
    "pageAt": "#232-232",
    "title": "原则",
  },
  Object {
    "bookId": "0",
    "content": "你要问自己要什么，将那些得到了你想要的东西的人作为范例，努力分析出潜藏在他们成就背后的因果关系模式，这样你就能应用这些模式，帮助实现自己的目标。",
    "createdAt": "2018-02-27T15:48:48.000Z",
    "pageAt": "#231-232",
    "title": "原则",
  },
  Object {
    "bookId": "0",
    "content": "我最显著的缺点是机械记忆能力很差。直到现在，我一直记不住没有内在逻辑的东西（如电话号码），",
    "createdAt": "2018-02-27T15:49:38.000Z",
    "pageAt": "#239-240",
    "title": "原则",
  },
  Object {
    "bookId": "0",
    "content": "same with me",
    "createdAt": "2018-02-27T15:49:53.000Z",
    "pageAt": "#240",
    "title": "原则",
  },
  Object {
    "bookId": "0",
    "content": "很好的事要比糟糕的事好，而糟糕的事要比平庸的事好，因为糟糕的事至少给生活增加了滋味。",
    "createdAt": "2018-02-27T15:55:30.000Z",
    "pageAt": "#287-288",
    "title": "原则",
  },
  Object {
    "bookId": "0",
    "content": "我的朋友为我挑选了梭罗的一句名言：“如果一个人和同伴的步调不一致，也许因为他听到的是不同的鼓点。让他跟着",
    "createdAt": "2018-02-27T15:55:40.000Z",
    "pageAt": "#288-289",
    "title": "原则",
  },
  Object {
    "bookId": "0",
    "content": "如果一个人和同伴的步调不一致，也许因为他听到的是不同的鼓点。让他跟着他听到的音乐前行吧，不管节奏是迟缓还是激越。”",
    "createdAt": "2018-02-27T15:55:49.000Z",
    "pageAt": "#289-290",
    "title": "原则",
  },
  Object {
    "bookId": "0",
    "content": "我很喜欢冥想。在我的一生中，冥想对我帮助很大，因为冥想让我拥有平静的开放思维，让我可以更清晰、更有创造性地思考。",
    "createdAt": "2018-02-27T15:58:03.000Z",
    "pageAt": "#304-306",
    "title": "原则",
  },
  Object {
    "bookId": "0",
    "content": "我们所处的时代教会我们质疑传统的做事方式。",
    "createdAt": "2018-02-27T15:59:17.000Z",
    "pageAt": "#314-315",
    "title": "原则",
  },
  Object {
    "bookId": "0",
    "content": "美国人不能拥有黄金（不过当时的我不清楚为什么），",
    "createdAt": "2018-02-27T18:08:27.000Z",
    "pageAt": "#334-334",
    "title": "原则",
  },
  Object {
    "bookId": "0",
    "content": "为什么?",
    "createdAt": "2018-02-27T18:08:59.000Z",
    "pageAt": "#334",
    "title": "原则",
  },
  Object {
    "bookId": "0",
    "content": "当政府决策者向你承诺他们不会允许货币贬值发生时，不要相信他们。他们越是坚决地做出这样的承诺，局势也许就越严重，因而货币贬值即将发生的概率也越大。",
    "createdAt": "2018-02-27T18:11:17.000Z",
    "pageAt": "#347-349",
    "title": "原则",
  },
  Object {
    "bookId": "0",
    "content": "你最好弄明白其他时间、其他地点、其他人身上发生的事，因为如果你不这么做，你就不知道这些事情会不会发生在你身上，而且一旦发生在你身上，你将不知道如何应对。”",
    "createdAt": "2018-02-27T18:12:24.000Z",
    "pageAt": "#357-359",
    "title": "原则",
  },
  Object {
    "bookId": "0",
    "content": "没有教师在黑板前告诉我们什么东西要记住，也没有考试测试我们有没有记住。相反，教师给我们的都是真实的案例研究，让我们进行阅读与分析。然后我们分成小组自由讨论，假如我们处在和案例中的人相同的情况下，我们会怎么做。这正是我喜欢的教学方式！",
    "createdAt": "2018-02-27T18:16:10.000Z",
    "pageAt": "#361-363",
    "title": "原则",
  },
  Object {
    "bookId": "0",
    "content": "me too",
    "createdAt": "2018-02-27T18:16:24.000Z",
    "pageAt": "#363",
    "title": "原则",
  },
  Object {
    "bookId": "0",
    "content": "这段经历增强了我对犯错误的恐惧感，让我懂得了必须确保任何一次押注，甚至赌注组合，都不能使自己的损失超过可以接受的限度。",
    "createdAt": "2018-03-01T13:04:56.000Z",
    "pageAt": "#409-411",
    "title": "原则",
  },
  Object {
    "bookId": "0",
    "content": "在交易中，你必须既有防御心又有进攻心。如果没有进攻心，你就赚不到钱；而如果没有防御心，你的钱就保不住。我",
    "createdAt": "2018-03-01T13:05:26.000Z",
    "pageAt": "#411-412",
    "title": "原则",
  },
  Object {
    "bookId": "0",
    "content": "在交易中，你必须既有防御心又有进攻心。如果没有进攻心，你就赚不到钱；而如果没有防御心，你的钱就保不住。",
    "createdAt": "2018-03-01T13:05:35.000Z",
    "pageAt": "#411-412",
    "title": "原则",
  },
  Object {
    "bookId": "0",
    "content": "美丽机器。通过理解这些关系，我就能得出用来建立模型的决策规则（或者说原则）。 这些早期的模型和我们现在使用的模型相去甚远。这些模型是我随手画的草图，我用当时可以利用的科技分析它们，将其转化为计算机程序。最初的时候，我在我的手持惠普",
    "createdAt": "2018-03-02T09:59:15.000Z",
    "pageAt": "#457-460",
    "title": "原则",
  },
  Object {
    "bookId": "0",
    "content": "有意义的工作和有意义的人际关系都是我的主要目标，我做的一切事情都是为了实现这两个目标。赚钱只是其附带结果。",
    "createdAt": "2018-03-02T10:16:08.000Z",
    "pageAt": "#489-491",
    "title": "原则",
  },
  Object {
    "bookId": "0",
    "content": "除了向客户提供这些观察和建议外，我还开始通过代理他们的交易管理他们的风险敞口。我得到的回报有时是每个月一笔固定费用，有时是从我赚到的利润中分成。在此期间，麦当劳和雷恩加工是我为其提供咨询服务的两家客户，当时前者买入大量牛肉，而后者是美国最大的鸡肉生产商。我帮它们赚了很多钱，尤其是雷恩加工，它通过在谷物和豆类市场上进行投机交易赚到的钱，比通过养鸡和卖鸡赚到的钱还多。 当时麦当劳已经设计出一款新产品——麦乐鸡，但它犹豫要不要将其上市，因为它担心鸡肉价格可能上涨，从而挤压它的利润率。雷恩加工等鸡肉生产商不愿意以固定价格向麦当劳出售鸡肉，因为它担心自己的生产成本会上升，利润会受挤压。 当我思考这个问题时，脑子里出现的一个念头是，从经济学角度出发，可以把一只鸡看作一部简单的机器，该机器包含一只小鸡和它的饲料。鸡肉生产商最需要担心的、波动最剧烈的成本，是饲料的成本。我向雷恩加工展示，如何利用一种谷物期货和豆粕期货的组合锁定成本，这样一来，它就能向麦当劳提出一个固定报价。在大大降低自身价格的风险之后，麦当劳在1983年推出麦乐鸡。对于帮助它们干成这件事，我感觉非常好。",
    "createdAt": "2018-03-02T10:18:22.000Z",
    "pageAt": "#497-508",
    "title": "原则",
  },
  Object {
    "bookId": "0",
    "content": "石油市场的这种波动性催生了史上最早的石油期货合同，",
    "createdAt": "2018-03-03T10:12:59.000Z",
    "pageAt": "#532-533",
    "title": "原则",
  },
  Object {
    "bookId": "0",
    "content": "查查之间的市场规律",
    "createdAt": "2018-03-03T10:14:02.000Z",
    "pageAt": "#532",
    "title": "原则",
  },
  Object {
    "bookId": "0",
    "content": "在每个投资者的职业生涯中，都有焦虑的时刻，你对未来的期待与真正发生的情况不符，你不知道自己面临的是巨大的机会还是灾难性的错误。因为我有很强的“看对但及早收手”的倾向，所以我更愿意相信这样做是对的。",
    "createdAt": "2018-03-03T10:17:42.000Z",
    "pageAt": "#554-556",
    "title": "原则",
  },
  Object {
    "bookId": "0",
    "content": "从而使美联储可以在不加剧通胀的情况下降息。这驱动了一场经济繁荣。银行得到了保护，一是因为美联储借给它们现金，二是因为债权国委员会以及国际货币基金组织、国际清算银行等国际金融重整机构做出了安排，使债务国能够以举借新债的方式履行还债义务。这相当于所有人都可以假定一切良好，然后在许多年的时间里",
    "createdAt": "2018-03-08T21:18:23.000Z",
    "pageAt": "#617-620",
    "title": "原则",
  },
  Object {
    "bookId": "0",
    "content": "我在一份备忘录中写下了我对事态的诊断。我认为，",
    "createdAt": "2018-03-08T21:20:58.000Z",
    "pageAt": "#609-610",
    "title": "原则",
  },
  Object {
    "bookId": "0",
    "content": "我在一份备忘录中写下了我对事态的诊断。我认为，美联储的努力失效，经济走向崩溃的概率是75%；",
    "createdAt": "2018-03-08T21:23:33.000Z",
    "pageAt": "#609-610",
    "title": "原则",
  },
  Object {
    "bookId": "0",
    "content": "我",
    "createdAt": "2018-03-08T21:24:27.000Z",
    "pageAt": "#609",
    "title": "原则",
  },
  Object {
    "bookId": "0",
    "content": "最高水平。但这依然没有产生足够的效果。",
    "createdAt": "2018-03-08T21:30:51.000Z",
    "pageAt": "#600-601",
    "title": "原则",
  },
  Object {
    "bookId": "0",
    "content": "通胀增长时期。 怎么会发生这样的事？最终，我找到了原因。随着资金大举撤出那些借债",
    "createdAt": "2018-03-10T15:54:58.000Z",
    "pageAt": "#615-616",
    "title": "原则",
  },
  Object {
    "bookId": "0",
    "content": "回头来看，我的一败涂地是在我身上发生过的最好的事情之一，因为它让我变得谦逊，而我正需要谦逊来平衡我的进攻性。我学到了一种很好的恐惧犯错的意识，这把我的思维定式从认为“我是对的”变成了问自己“我怎么知道我是对的”。我清楚地看到，回答这个问题的最好方式是找到其他的独立思考者，他们与我肩负共同的使命，但对问题的看法与我不同。通过以一种经过深思熟虑的辩论方式与他们交流，我就能理解他们的推理，并让他们对我的推理进行压力测试。我们都可以通过这种方式降低自己犯错的可能性。",
    "createdAt": "2018-03-10T16:04:31.000Z",
    "pageAt": "#653-658",
    "title": "原则",
  },
  Object {
    "bookId": "0",
    "content": "一个选择。 即使在我一败涂地之后，",
    "createdAt": "2018-03-10T16:06:18.000Z",
    "pageAt": "#651-652",
    "title": "原则",
  },
  Object {
    "bookId": "0",
    "content": "我的目标只是让自己正确——我并不关心正确的答案是不是来源于我。所以我学会了让自己保持极度开明的心态，允许其他人指出我可能疏忽的东西。",
    "createdAt": "2018-03-10T16:07:00.000Z",
    "pageAt": "#658-660",
    "title": "原则",
  },
  Object {
    "bookId": "0",
    "content": "理解他们的推理。 2.知道自己在什么时候不能有明确的意见，不急于下结论。 3.逐步归纳永恒和普适的原则，对其进行测试，将其系统化。 4.通过平衡风险来保持较大的回报，并降低下行波动。",
    "createdAt": "2018-03-10T16:07:19.000Z",
    "pageAt": "#662-665",
    "title": "原则",
  },
  Object {
    "bookId": "0",
    "content": "找到与我观点不同的最聪明的人，以便自己能够努力理解他们的推理。 2.知道自己在什么时候不能有明确的意见，不急于下结论。 3.逐步归纳永恒和普适的原则，对其进行测试，将其系统化。 4.通过平衡风险来保持较大的回报，并降低下行波动。",
    "createdAt": "2018-03-10T16:07:23.000Z",
    "pageAt": "#661-665",
    "title": "原则",
  },
  Object {
    "bookId": "0",
    "content": "第3点很重要",
    "createdAt": "2018-03-10T16:08:09.000Z",
    "pageAt": "#663",
    "title": "原则",
  },
  Object {
    "bookId": "0",
    "content": "而是一个创意择优的机构，鼓励经过深思熟虑的意见不一致，根据不同人的相对长处分析和权衡他们的观点。",
    "createdAt": "2018-03-10T16:08:48.000Z",
    "pageAt": "#667-669",
    "title": "原则",
  },
  Object {
    "bookId": "0",
    "content": "使人们相互对立的观点公开化，并对其进行分析，让我对人们的思考方式有了很多的了解。",
    "createdAt": "2018-03-10T16:08:59.000Z",
    "pageAt": "#669-669",
    "title": "原则",
  },
  Object {
    "bookId": "0",
    "content": "我发现，我能够成功的唯一途径将是： 1.找到与我观点不同的最聪明的人，以便自己能够努力理解他们的推理。 2.知道自己在什么时候不能有明确的意见，不急于下结论。 3.逐步归纳永恒和普适的原则，对其进行测试，将其系统化。 4.通过平衡风险来保持较大的回报，并降低下行波动。 这么做将显著提高我相对于风险的收益，而且相同的原则也适用于生活的其他领域。最重要的是，这一经历引导我把桥水打造成了一个创意择优的机构。它不是一个专制机构，由我领导，其他人跟从；也不是一个民主机构，每个人都有平等的投票权；而是一个创意择优的机构，鼓励经过深思熟虑的意见不一致，根据不同人的相对长处分析和权衡他们的观点。 使人们相互对立的观点公开化，并对其进行分析，让我对人们的思考方式有了很多的了解。我逐渐发现，人们的最大缺点与其最大优点互为正反面。例如，一些人倾向于过度冒险，而其他人的风险规避性过强；一些人过度关注细节，而其他人的思维过于宏观。大多数人都是在某个方面过度，而在另一方面不足。通常，当我们遵循自己的自然秉性做事时，我们可能考虑不到自身的弱点，这将导致我们走向失败。最重要的是失败之后怎么做。成功的人改变他们的做法，这使他们能够继续利用自己的优势，弥补自身的不足，而不成功的人不会这样做。在后文中，我将描述改变的具体策略，但在这里需要注意的重要一点是，只有当你能承认甚至接受自身的弱点时，你才能做出对自身有益的改变。",
    "createdAt": "2018-03-10T16:09:37.000Z",
    "pageAt": "#660-675",
    "title": "原则",
  },
  Object {
    "bookId": "0",
    "content": "1.找到与我观点不同的最聪明的人，以便自己能够努力理解他们的推理。 2.知道自己在什么时候不能有明确的意见，不急于下结论。 3.逐步归纳永恒和普适的原则，对其进行测试，将其系统化。 4.通过平衡风险来保持较大的回报，并降低下行波动。",
    "createdAt": "2018-03-10T16:09:57.000Z",
    "pageAt": "#661-665",
    "title": "原则",
  },
  Object {
    "bookId": "0",
    "content": "第三点很重要",
    "createdAt": "2018-03-10T16:10:26.000Z",
    "pageAt": "#664",
    "title": "原则",
  },
  Object {
    "bookId": "0",
    "content": "而是一个创意择优的机构，鼓励经过深思熟虑的意见不一致，根据不同人的相对长处分析和权衡他们的观点。",
    "createdAt": "2018-03-10T16:11:33.000Z",
    "pageAt": "#667-669",
    "title": "原则",
  },
  Object {
    "bookId": "0",
    "content": "记录",
    "createdAt": "2018-03-10T16:11:59.000Z",
    "pageAt": "#675",
    "title": "原则",
  },
  Object {
    "bookId": "0",
    "content": "使人们相互对立的观点公开化，并对其进行分析，让我对人们的思考方式有了很多的了解。我逐渐发现，人们的最大缺点与其最大优点互为正反面。例如，一些人倾向于过度冒险，而其他人的风险规避性过强；一些人过度关注细节，而其他人的思维过于宏观。大多数人都是在某个方面过度，而在另一方面不足。通常，当我们遵循自己的自然秉性做事时，我们可能考虑不到自身的弱点，这将导致我们走向失败。最重要的是失败之后怎么做。成功的人改变他们的做法，这使他们能够继续利用自己的优势，弥补自身的不足，而不成功的人不会这样做。在后文中，我将描述改变的具体策略，但在这里需要注意的重要一点是，只有当你能承认甚至接受自身的弱点时，你才能做出对自身有益的改变。",
    "createdAt": "2018-03-10T16:11:59.000Z",
    "pageAt": "#669-675",
    "title": "原则",
  },
  Object {
    "bookId": "0",
    "content": "最后的这个教训也许是最重要的一个教训，因为在我的一生中，这个教训一次次地适用。最初，我似乎面临着一个“要么全得、要么全失”的选择：我或者冒很大的风险追求高回报（并有可能在此过程中一败涂地）；或者降低自己的风险，满足于取得较低的回报。但我想要的是既承受低风险也享受高回报，在探索如何使之变得可能的过程中，我学会了在面对两个你都需要但看起来相互矛盾的东西时，你需要耐心地做出选择。通过这种方式，你将摸索出如何尽最大可能让二者兼得。几乎总是存在着一条你还没有发现的有利的道路，所以你需要不断找下去，直到找到它，而不是满足于最初对你显而易见的那种选择。",
    "createdAt": "2018-03-10T16:16:25.000Z",
    "pageAt": "#683-688",
    "title": "原则",
  },
  Object {
    "bookId": "0",
    "content": "与往常一样，我从自己的直觉开始，但我会用合乎逻辑的方式将这些直觉表达为决策标准，然后用一种系统化的方式描述这些标准，就我在每个特定情境下会如何操作绘出一幅思维导图。然后我会用这些系统处理历史数据，观察我的决策在过去的表现如何，进而根据具体结果合理地改进这些决策规则。",
    "createdAt": "2018-03-10T16:22:47.000Z",
    "pageAt": "#715-718",
    "title": "原则",
  },
  Object {
    "bookId": "0",
    "content": "自己用来做决策的标准写下来。然后，每当我结束一笔交易，我都会回顾一下这些标准的效果怎么样。有一天我想到，如果我把这些标准转化成公式（现在更时髦的叫法是“算法”），然后用这些公式计算历史数据，我就能检测，假如把我的这些公式运用到历史交易中，效果会怎么样。实践中我是这么操作的：与往常一样，我从自己的直觉开始，但我会用合乎逻辑的方式将这些直觉表达为决策标准，然后用一种系统化的方式描述这些标准，就我在每个特定情境下会如何操作绘出一幅思维导图。然后我会用这些系统处理历史数据，观察我的决策在过去的表现如何，进而根据具体结果合理地改进这些决策规则。",
    "createdAt": "2018-03-10T16:22:57.000Z",
    "pageAt": "#712-718",
    "title": "原则",
  },
  Object {
    "bookId": "0",
    "content": "从很早的时候起，每当我在市场上开始一笔交易，我都会把自己用来做决策的标准写下来。然后，每当我结束一笔交易，我都会回顾一下这些标准的效果怎么样。有一天我想到，如果我把这些标准转化成公式（现在更时髦的叫法是“算法”），然后用这些公式计算历史数据，我就能检测，假如把我的这些公式运用到历史交易中，效果会怎么样。实践中我是这么操作的：与往常一样，我从自己的直觉开始，但我会用合乎逻辑的方式将这些直觉表达为决策标准，然后用一种系统化的方式描述这些标准，就我在每个特定情境下会如何操作绘出一幅思维导图。然后我会用这些系统处理历史数据，观察我的决策在过去的表现如何，进而根据具体结果合理地改进这些决策规则。",
    "createdAt": "2018-03-10T16:23:07.000Z",
    "pageAt": "#712-718",
    "title": "原则",
  },
  Object {
    "bookId": "0",
    "content": "从很早的时候起，每当我在市场上开始一笔交易，我都会把自己用来做决策的标准写下来。然后，每当我结束一笔交易，我都会回顾一下这些标准的效果怎么样。有一天我想到，如果我把这些标准转化成公式（现在更时髦的叫法是“算法”），然后用这些公式计算历史数据，我就能检测，假如把我的这些公式运用到历史交易中，效果会怎么样。实践中我是这么操作的：与往常一样，我从自己的直觉开始，但我会用合乎逻辑的方式将这些直觉表达为决策标准，然后用一种系统化的方式描述这些标准，就我在每个特定情境下会如何操作绘出一幅思维导图。然后我会用这些系统处理历史数据，观察我的决策在过去的表现如何，进而根据具体结果合理地改进这些决策规则。",
    "createdAt": "2018-03-10T16:23:11.000Z",
    "pageAt": "#712-718",
    "title": "原则",
  },
  Object {
    "bookId": "0",
    "content": "之一。当然，他最终的成功背后有很多原因，但是在本书中，我的兴趣点会落在下述这项技能上，而这项技能显然对他的成就起到了至关重要的作用：",
    "createdAt": "2018-03-17T08:28:27.000Z",
    "pageAt": "#56-57",
    "title": "深度工作",
  },
  Object {
    "bookId": "0",
    "content": "深度工作（Deep Work）：在无干扰的状态下专注进行职业活动，使个人的认知能力达到极限。这种努力能够创造新价值，提升技能，而且难以复制。",
    "createdAt": "2018-03-17T11:54:03.000Z",
    "pageAt": "#58-59",
    "title": "深度工作",
  },
  Object {
    "bookId": "0",
    "content": "如果我如此安排生活，能够得到很长的、连续的、不受人打扰的时间，我就能写作小说。反之，如果我备受打扰又会怎样？不会有一部传世的小说……而是会有许多封发给个人的电子邮件。”",
    "createdAt": "2018-03-17T11:58:43.000Z",
    "pageAt": "#87-88",
    "title": "深度工作",
  },
  Object {
    "bookId": "0",
    "content": "浮浅工作（Shallow Work）：对认知要求不高的事务性任务，往往在受到干扰的情况下开展。此类工作通常不会为世界创造太多新价值，且容易复制。",
    "createdAt": "2018-03-17T12:01:09.000Z",
    "pageAt": "#99-100",
    "title": "深度工作",
  },
  Object {
    "bookId": "0",
    "content": "诸如研究新的商务策略或撰写重要的经费申请报告等重大工作，本可很好地受益于深度思考，却也在受到干扰之后变得支离破碎，得不到很好的完成。",
    "createdAt": "2018-03-17T12:01:42.000Z",
    "pageAt": "#102-104",
    "title": "深度工作",
  },
  Object {
    "bookId": "0",
    "content": "我的现状",
    "createdAt": "2018-03-17T12:01:58.000Z",
    "pageAt": "#104",
    "title": "深度工作",
  },
  Object {
    "bookId": "0",
    "content": "来自弗吉尼亚的一个名为杰森·本（JasonBenn）的无聊年轻人就充分利用了这种机会。",
    "createdAt": "2018-03-17T12:11:47.000Z",
    "pageAt": "#124-125",
    "title": "深度工作",
  },
  Object {
    "bookId": "0",
    "content": "可参考",
    "createdAt": "2018-03-17T12:12:02.000Z",
    "pageAt": "#125",
    "title": "深度工作",
  },
  Object {
    "bookId": "0",
    "content": "它之所以有价值，有两方面原因。第一种原因与学习相关。我们生活在信息经济时代，依赖于迅速更新的复杂体系。",
    "createdAt": "2018-03-17T12:14:15.000Z",
    "pageAt": "#175-176",
    "title": "深度工作",
  },
  Object {
    "bookId": "0",
    "content": "深度学习有其价值的第二种原因是数字网络革命的影响力是双向的。如果你能创造出有用的东西，它的受众（比如雇主或用户）就可能是无限的，从而极大提升你所获的奖励。另一方面，如果产出的东西中规中矩，你就会陷入困难，因为你的受众很容易在网上找到更好的替代品。",
    "createdAt": "2018-03-17T12:14:37.000Z",
    "pageAt": "#179-182",
    "title": "深度工作",
  },
  Object {
    "bookId": "0",
    "content": "想要成功，你就必须产出自己能力范围内最好的产品，而这项任务需要深度。",
    "createdAt": "2018-03-17T12:15:21.000Z",
    "pageAt": "#183-184",
    "title": "深度工作",
  },
  Object {
    "bookId": "0",
    "content": "换言之，深度工作并非一种无用的传统技能，而是任何想要在竞争激烈的全球化信息经济时代——无法跟随时代潮流发展的人将被这个时代生吞活剥——立足的人都应该掌握的核心技能。",
    "createdAt": "2018-03-17T12:17:00.000Z",
    "pageAt": "#188-190",
    "title": "深度工作",
  },
  Object {
    "bookId": "0",
    "content": "核心。然而，在深入探究这些细节之前，我要花点时间解释一下我是如何成为深度工作拥趸的。",
    "createdAt": "2018-03-18T00:29:53.000Z",
    "pageAt": "#200-201",
    "title": "深度工作",
  },
  Object {
    "bookId": "0",
    "content": "认识你，一般也不会回你的电子邮件。去年他发表了 16 篇论文。 在我当学生的那几年里，周围一直弥漫着这种极度专注的氛围。毫不奇怪，我也很快培养出类似的深度专注能力。令我的朋友和诸多合作出书的出版商懊恼的是，我从来没有脸谱网或推特账户，除了博客之外未曾用过任何其他社交媒体。我不上网，新闻多从送到家里的《华盛顿邮报》（Washington Post）和美国国家公共电台（NPR，National Public Radio）获取。另外想要找到我的人也很难如愿：我的作者网站里没有提供私人电子邮箱地址，而且直到 2012 年我才有了第一部智能手机。（我怀孕",
    "createdAt": "2018-03-18T00:56:12.000Z",
    "pageAt": "#208-213",
    "title": "深度工作",
  },
  Object {
    "bookId": "0",
    "content": "在当今时代涌现出的各种力量中，恰是数字科技的崛起使我们的劳动力市场以一种未曾预想的方式发生改变。“我们正处于大重组最初的阵痛期。”",
    "createdAt": "2018-03-18T18:19:38.000Z",
    "pageAt": "#261-263",
    "title": "深度工作",
  },
  Object {
    "bookId": "0",
    "content": "细研究下",
    "createdAt": "2018-03-18T18:25:13.000Z",
    "pageAt": "#292",
    "title": "深度工作",
  },
  Object {
    "bookId": "0",
    "content": "一旦人才市场可以全球共享，",
    "createdAt": "2018-03-18T18:25:13.000Z",
    "pageAt": "#291-292",
    "title": "深度工作",
  },
  Object {
    "bookId": "0",
    "content": "经济学家舍温·罗森（Sherwin Rosen）在 1",
    "createdAt": "2018-03-18T18:26:25.000Z",
    "pageAt": "#293-293",
    "title": "深度工作",
  },
  Object {
    "bookId": "0",
    "content": "1 年发表的一篇开创性论文中解出了这种“胜者通吃”市场背后的数学理论。他最核心的见解是明确地将才能（贴上标签、清晰可见的，在公式中用变量 q 表示）定义为一种“不完全替代”因素，罗森就此做出如下解释：“连续听一系列中等水平的歌手唱歌并不能累加成一场无与伦比的演出。”换言之，才能并非一种商品，你不可以通过大批购买，然后累积起来达到一定的水准，只有成为最优秀的才会有额外奖励。因此，如果你身处一个市场，消费者可以找到任何表演者，每个人的 q 值都是清晰的，那么消费者就会选择最好的。即使最优秀的才能相比技能阶梯下一级的才能仅有稍许优势，超级明星仍然会赢得大块市场。",
    "createdAt": "2018-03-18T18:26:44.000Z",
    "pageAt": "#293-299",
    "title": "深度工作",
  },
  Object {
    "bookId": "0",
    "content": "超级明星效应在当今社会的应用远远超过罗森 30 年前所能预测的范围。",
    "createdAt": "2018-03-18T18:29:52.000Z",
    "pageAt": "#303-304",
    "title": "深度工作",
  },
  Object {
    "bookId": "0",
    "content": "查罗森",
    "createdAt": "2018-03-18T18:30:13.000Z",
    "pageAt": "#304",
    "title": "深度工作",
  },
  Object {
    "bookId": "0",
    "content": "大重组时代与战后时期不同，是拥有资本的绝佳时机。想要了解个中原因，首先要回顾一下那个交易理论，它也是标准经济思维的核心组成部分，该理论认为金钱是通过资本投资和劳动力获得的，粗略讲来，回报将与投入成正比。数字科技的发展降低了很多行业对劳动力的需求，因而掌握智能机器之人的回报比例在提高。当今经济下，风投公司会向 Instagram 一类的公司投资，Instagram 最终卖出 10 亿美元，而雇员却仅仅 13 人。历史上有什么时候人们能以如此少的劳动力带来如此巨大的价值？劳动力投入如此之小，",
    "createdAt": "2018-03-18T18:31:53.000Z",
    "pageAt": "#310-314",
    "title": "深度工作",
  },
  Object {
    "bookId": "0",
    "content": "大重组时代与战后时期不同，是拥有资本的绝佳时机。想要了解个中原因，首先要回顾一下那个交易理论，它也是标准经济思维的核心组成部分，该理论认为金钱是通过资本投资和劳动力获得的，粗略讲来，回报将与投入成正比。数字科技的发展降低了很多行业对劳动力的需求，因而掌握智能机器之人的回报比例在提高。当今经济下，风投公司会向 Instagram 一类的公司投资，Instagram 最终卖出 10 亿美元，而雇员却仅仅 13 人。历史上有什么时候人们能以如此少的劳动力带来如此巨大的价值？劳动力投入如此之小，回流到智能机器拥有者——在此处是风投投资人——手中的财富却如此之巨，这种现象是史无前例的。难怪我在写作上一本书时采访的一位风投资本家不乏担忧地向我承认：“所有人都想要我的工作。”",
    "createdAt": "2018-03-18T18:32:11.000Z",
    "pageAt": "#310-316",
    "title": "深度工作",
  },
  Object {
    "bookId": "0",
    "content": "·迅速掌握复杂工具的能力 ·在工作质量和速度方面都达到精英层次的能力",
    "createdAt": "2018-03-18T18:35:25.000Z",
    "pageAt": "#332-333",
    "title": "深度工作",
  },
  Object {
    "bookId": "0",
    "content": "如果你不产出，就不会成功，不管你的技艺多么纯熟，天资多么聪颖。",
    "createdAt": "2018-03-18T18:53:09.000Z",
    "pageAt": "#368-369",
    "title": "深度工作",
  },
  Object {
    "bookId": "0",
    "content": "刻意练习（Deliberate Practice）。",
    "createdAt": "2018-03-18T18:56:45.000Z",
    "pageAt": "#390-391",
    "title": "深度工作",
  },
  Object {
    "bookId": "0",
    "content": "此时摆在我们面前的问题，就是刻意练习到底有哪些要求。其核心要素通常如下：（1）你的注意力全情投入到某个你希望提升的技能或想要掌握的理念上；（2）你能得到反馈意见，这样你就可以调整自己的方法，保持注意力的投入有最佳产出。",
    "createdAt": "2018-03-18T18:58:46.000Z",
    "pageAt": "#399-401",
    "title": "深度工作",
  },
  Object {
    "bookId": "0",
    "content": "要理解髓磷脂在提升能力方面的作用，首先要记住，不管是智力还是体力方面的技能，最终都要追溯到大脑回路上。这种新的性能科学认为，如果相关神经元周围汇集了更多的髓磷脂，相应的大脑回路就能更轻松有效地运转，你在某方面的技能就会更强。想要在某方面有了不起的成就，就需要有更多髓磷脂的协助。",
    "createdAt": "2018-03-18T19:01:33.000Z",
    "pageAt": "#408-411",
    "title": "深度工作",
  },
  Object {
    "bookId": "0",
    "content": "这种理解为刻意练习的有效性提供了神经学基础。专注于某一项特定技能，就会迫使某一特定大脑回路在隔离的区域不断地燃烧。反复利用同一大脑回路，就能促使少突细胞在这个回路的神经元周围包裹髓磷脂，从而有效地固化这种技能。因此，要想高度专注于当前任务，避免干扰非常重要，因为这是充分隔离相关神经回路、促进髓磷脂鞘形成的唯一途径。与之相对，如果你尝试在注意力涣散的情况下（或许脸谱网的推送消息还开着）学习一种复杂的新技能（比如 SQL 数据库管理），就会有太多的回路同时进行，你真正希望强化的神经元群只能得到偶尔的隔离。",
    "createdAt": "2018-03-18T19:04:03.000Z",
    "pageAt": "#411-416",
    "title": "深度工作",
  },
  Object {
    "bookId": "0",
    "content": "切记工作时保持项目单一",
    "createdAt": "2018-03-18T19:05:17.000Z",
    "pageAt": "#416",
    "title": "深度工作",
  },
  Object {
    "bookId": "0",
    "content": "想要迅速掌握困难的事物，你必须高度专注，不能有任何干扰。换言之，学习是一种深度工作行为。如果你很容易做到深度工作，就能轻松掌握愈发复杂的体系和技能，这些体系和技能是我们在经济生活中取得成功所必需的。如果你还是一个难以做到深度工作的人，要面对无处不在的干扰，就不应期待轻易掌握这些体系和技能。",
    "createdAt": "2018-03-18T19:05:45.000Z",
    "pageAt": "#419-422",
    "title": "深度工作",
  },
  Object {
    "bookId": "0",
    "content": "制定无干扰工作时间",
    "createdAt": "2018-03-18T19:06:18.000Z",
    "pageAt": "#421",
    "title": "深度工作",
  },
  Object {
    "bookId": "0",
    "content": "他通常将学术论文的写作分为三个独立的阶段：分析数据，写成完整的草稿，编辑草稿形成可出版的文章。）",
    "createdAt": "2018-03-18T19:09:51.000Z",
    "pageAt": "#446-447",
    "title": "深度工作",
  },
  Object {
    "bookId": "0",
    "content": "高质量工作产出=时间×专注度",
    "createdAt": "2018-03-18T19:14:24.000Z",
    "pageAt": "#454-454",
    "title": "深度工作",
  },
  Object {
    "bookId": "0",
    "content": "如果你相信这个公式，那么格兰特的习惯就有理可循了：工作时专注度达到最高，单位时间里的工作产出也将实现最大化。这并非我第一次遇到生产力公式的概念。我第一次接触这个概念是在第二本书《如何成为尖子生》（How to Become a Straight-A Student）的调研期间。在调研中，我采访了全国一些竞争最激烈学校里的 50 名超高分研究生。采访中我注意到最优秀的学生通常比 GPA 等级低一档的学生用在学习上的时间更短。上文提及的公式恰可作为这种现象的一种解释：最优秀的学生能够理解专注度在产出方面起到的作用，因此会极度专注，从而大幅减少考试准备或撰写论文所需的时间，同时也不降低成果的质量。",
    "createdAt": "2018-03-18T19:15:19.000Z",
    "pageAt": "#455-460",
    "title": "深度工作",
  },
  Object {
    "bookId": "0",
    "content": "在这篇论文的前言中她特别提到，其他研究者已经研究过多任务处理对工作表现的影响，但是",
    "createdAt": "2018-03-18T19:21:02.000Z",
    "pageAt": "#464-465",
    "title": "深度工作",
  },
  Object {
    "bookId": "0",
    "content": "在这篇论文的前言中她特别提到，其他研究者已经研究过多任务处理对工作表现的影响，但是在现代知识工作者的工作中，一旦级别达到一定高度，通常会按次序完成多项工作：“一项会议结束后开始另一项会议，开始一个项目的某项工作后不久没有任何过渡便开始另外一项工作，这些都是组织生活的一部分。”勒鲁瓦解释道。这项研究发现这种工作策略存在一个问题，当你从某项任务 A 转移到任务 B 时，你的注意力并没有即时转移，你的注意力",
    "createdAt": "2018-03-18T19:21:13.000Z",
    "pageAt": "#464-468",
    "title": "深度工作",
  },
  Object {
    "bookId": "0",
    "content": "的结果很清晰：“转换任务之后处于注意力残留状态",
    "createdAt": "2018-03-18T19:22:47.000Z",
    "pageAt": "#474-475",
    "title": "深度工作",
  },
  Object {
    "bookId": "0",
    "content": "在这篇论文的前言中她特别提到，其他研究者已经研究过多任务处理对工作表现的影响，但是在现代知识工作者的工作中，一旦级别达到一定高度，通常会按次序完成多项工作：“一项会议结束后开始另一项会议，开始一个项目的某项工作后不久没有任何过渡便开始另外一项工作，这些都是组织生活的一部分。”勒鲁瓦解释道。这项研究发现这种工作策略存在一个问题，当你从某项任务 A 转移到任务 B 时，你的注意力并没有即时转移，你的注意力残留仍然在思考原始任务。如果在转移工作之前，你对任务 A 缺乏控制且关注度较低，残留会尤其浓厚，但即使你在转移工作之前已经完成了任务 A，你的注意力还是会有一段分散的时间。勒鲁瓦在实验室中强制进行任务转换，以此研究这种注意力残留对工作表现的影响。比如，在一项实验中，她先请研究对象解一些文字谜题。在某次实验里，她会打断研究对象，要求他们转移到一项新的、具有挑战性的任务上，此次是阅读简历，做出假定的聘用决定。在其他几次实验里，她请研究对象完成谜题之后再开始新任务。在文字谜题和聘用之间，她会安排一次快速的词汇判断游戏，以此量化第一项任务的残留量。⑥此项实验以及其他类似实验的结果很清晰：“转换任务之后处于注意力残留状态的人，在下一项任务中的表现通常很差而且残留量越大，表现越糟糕。”注意力残留的概念有助于解释专注度公式的",
    "createdAt": "2018-03-18T19:22:53.000Z",
    "pageAt": "#464-476",
    "title": "深度工作",
  },
  Object {
    "bookId": "0",
    "content": "在这篇论文的前言中她特别提到，其他研究者已经研究过多任务处理对工作表现的影响，但是在现代知识工作者的工作中，一旦级别达到一定高度，通常会按次序完成多项工作：“一项会议结束后开始另一项会议，开始一个项目的某项工作后不久没有任何过渡便开始另外一项工作，这些都是组织生活的一部分。”勒鲁瓦解释道。这项研究发现这种工作策略存在一个问题，当你从某项任务 A 转移到任务 B 时，你的注意力并没有即时转移，你的注意力残留仍然在思考原始任务。如果在转移工作之前，你对任务 A 缺乏控制且关注度较低，残留会尤其浓厚，但即使你在转移工作之前已经完成了任务 A，你的注意力还是会有一段分散的时间。勒鲁瓦在实验室中强制进行任务转换，以此研究这种注意力残留对工作表现的影响。比如，在一项实验中，她先请研究对象解一些文字谜题。在某次实验里，她会打断研究对象，要求他们转移到一项新的、具有挑战性的任务上，此次是阅读简历，做出假定的聘用决定。在其他几次实验里，她请研究对象完成谜题之后再开始新任务。在文字谜题和聘用之间，她会安排一次快速的词汇判断游戏，以此量化第一项任务的残留量。⑥此项实验以及其他类似实验的结果很清晰：“转换任务之后处于注意力残留状态的人，在下一项任务中的表现通常很差而且残留量越大，表现越糟糕。”注意力残留的概念有助于解释专注度公式的真实性，因此也有助于解释格兰特的高效产出。格兰特长时间不转移注意力，完成单一困难任务，使注意力残留负面影响降到最低，从而使他在当前任务上的表现成果最优化。换言之，当格兰特与世隔绝数日完成一篇论文时，其效率水平远高于奉行多任务策略的一般教授，这些教授的工作反复受到残留量极大的干扰。",
    "createdAt": "2018-03-18T19:23:03.000Z",
    "pageAt": "#464-478",
    "title": "深度工作",
  },
  Object {
    "bookId": "0",
    "content": "特别重要!需记录",
    "createdAt": "2018-03-18T19:24:21.000Z",
    "pageAt": "#478",
    "title": "深度工作",
  },
  Object {
    "bookId": "0",
    "content": "注意力残留”（Attention Residue）的效应。在这篇论文的前言中她特别提到，其他研究者已经研究过多任务处理对工作表现的影响，但是在现代知识工作者的工作中，一旦级别达到一定高度，通常会按次序完成多项工作：“一项会议结束后开始另一项会议，开始一个项目的某项工作后不久没有任何过渡便开始另外一项工作，这些都是组织生活的一部分。”勒鲁瓦解释道。这项研究发现这种工作策略存在一个问题，当你从某项任务 A 转移到任务 B 时，你的注意力并没有即时转移，你的注意力残留仍然在思考原始任务。如果在转移工作之前，你对任务 A 缺乏控制且关注度较低，残留会尤其浓厚，但即使你在转移工作之前已经完成了任务 A，你的注意力还是会有一段分散的时间。勒鲁瓦在实验室中强制进行任务转换，以此研究这种注意力残留对工作表现的影响。比如，在一项实验中，她先请研究对象解一些文字谜题。在某次实验里，她会打断研究对象，要求他们转移到一项新的、具有挑战性的任务上，此次是阅读简历，做出假定的聘用决定。在其他几次实验里，她请研究对象完成谜题之后再开始新任务。在文字谜题和聘用之间，她会安排一次快速的词汇判断游戏，以此量化第一项任务的残留量。⑥此项实验以及其他类似实验的结果很清晰：“转换任务之后处于注意力残留状态的人，在下一项任务中的表现通常很差而且残留量越大，表现越糟糕。”注意力残留的概念有助于解释专注度公式的真实性，因此也有助于解释格兰特的高效产出。格兰特长时间不转移注意力，完成单一困难任务，使注意力残留负面影响降到最低，从而使他在当前任务上的表现成果最优化。换言之，当格兰特与世隔绝数日完成一篇论文时，其效率水平远高于奉行多任务策略的一般教授，这些教授的工作反复受到残留量极大的干扰。",
    "createdAt": "2018-03-18T19:24:30.000Z",
    "pageAt": "#464-478",
    "title": "深度工作",
  },
  Object {
    "bookId": "0",
    "content": "从根本上讲，一名优秀的首席执行官就是一部难以自动化的决策引擎，与《危险边缘》游戏中 IBM 的“沃森”机器人没有太大区别。他们努力积累起丰富的经验库，打磨并证明了自己在市场中的灵敏嗅觉。而后他们全天都必须处理和解决电子邮件、会议、现场考察等纷至沓来的工作。要求一名首席执行官花上 4 个小时的时间深度思考单一问题浪费了他们的价值所在。最好是聘用三个聪明的副手，深度思考这些问题，然后将解决方案呈递给高管做决策。",
    "createdAt": "2018-03-18T19:34:23.000Z",
    "pageAt": "#514-518",
    "title": "深度工作",
  },
  Object {
    "bookId": "0",
    "content": "我们必须时刻记住，在社会经济的某些角落，深度工作并没有价值。除了高管之外，还有部分类型的销售人员和说客，对他们而言持续联系是其最大价值所在。甚至还有一些人身处深度工作有所助益的领域，却在备受干扰中经过艰苦努力取得成功。",
    "createdAt": "2018-03-18T19:36:32.000Z",
    "pageAt": "#523-525",
    "title": "深度工作",
  },
  Object {
    "bookId": "0",
    "content": "事实上，如今很多软件公司都采用了 Scrum（一种迭代式增量软件开发过程，通常用于敏捷软件开发）项目管理方法，避免了很多类似的即时消息，取而代之的是更规律、高度结构化、极端高效的情况会议（通常站着进行，避免东拉西扯的情形）。",
    "createdAt": "2018-03-18T19:38:24.000Z",
    "pageAt": "#533-535",
    "title": "深度工作",
  },
  Object {
    "bookId": "0",
    "content": "事实上，如今很多软件公司都采用了 Scrum（一种迭代式增量软件开发过程，通常用于敏捷软件开发）项目管理方法，避免了很多类似的即时消息，取而代之的是更规律、高度结构化、极端高效的情况会议（通常站着进行，避免东拉西扯的情形）。这种方法释放了更多的管理时间用于深度思考团队面对的问题，从而往往能够提高整体的产出价值。",
    "createdAt": "2018-03-18T19:38:35.000Z",
    "pageAt": "#533-536",
    "title": "深度工作",
  },
  Object {
    "bookId": "0",
    "content": "我认识一位在圣弗朗西斯科工作的程序员，他向我介绍了在公司里使用 Hall 工作的情景。他解释称，最“高效”",
    "createdAt": "2018-03-18T19:44:06.000Z",
    "pageAt": "#571-572",
    "title": "深度工作",
  },
  Object {
    "bookId": "0",
    "content": "最近加入商业即时通讯领域的公司中有一家非常成功，名为 Hall，这家公司是硅谷的创业公司，致力于使雇员在聊天之外实现“实时协作”。我认识一位在圣弗朗西斯科工作的程序员，他向我介绍了在公司里使用 Hall 工作的情景。他解释称，最“高效”的雇员会对文本编辑器进行设定，当公司的 Hall 账户中有新问题或新评",
    "createdAt": "2018-03-18T19:44:12.000Z",
    "pageAt": "#570-573",
    "title": "深度工作",
  },
  Object {
    "bookId": "0",
    "content": "发布时，他们的屏幕上会自动闪出提醒。之后他们就可以通过熟练的键盘敲击，转入 Hall 界面，输入他们的想法，然后几乎无任何停顿地跳转回原本的编码工作。我的朋友在描述他们的速度时流露出钦佩的表情。",
    "createdAt": "2018-03-18T19:44:21.000Z",
    "pageAt": "#573-575",
    "title": "深度工作",
  },
  Object {
    "bookId": "0",
    "content": "类似的问题也同样出现在即时通讯系统上。从理论上讲，只有当你选择打开电子邮箱时它才会干扰到你，但是即时通讯系统则随时都是活跃的，从而放大了干扰的影响。",
    "createdAt": "2018-03-19T18:30:55.000Z",
    "pageAt": "#591-592",
    "title": "深度工作",
  },
  Object {
    "bookId": "0",
    "content": "时间。“研究结果表明干扰的出现极为有害。”她用典型的学术语言做",
    "createdAt": "2018-03-19T18:33:28.000Z",
    "pageAt": "#594-595",
    "title": "深度工作",
  },
  Object {
    "bookId": "0",
    "content": "时间。“研究结果表明干扰的出现极为有害。”她用典型的学术语言做",
    "createdAt": "2018-03-19T18:33:35.000Z",
    "pageAt": "#594-595",
    "title": "深度工作",
  },
  Object {
    "bookId": "0",
    "content": "迫使内容生产者使用社交媒体也会对其深度工作的能力产生负面影响。比如，严肃题材记者需要专注于严肃新闻——",
    "createdAt": "2018-03-19T18:37:36.000Z",
    "pageAt": "#596-597",
    "title": "深度工作",
  },
  Object {
    "bookId": "0",
    "content": "成本。“‘自由且无阻力’的沟通方式，”考克兰总结称，“消耗的软性成本等同于购买了一架小型里尔喷射机。”",
    "createdAt": "2018-03-30T20:42:25.000Z",
    "pageAt": "#618-619",
    "title": "深度工作",
  },
  Object {
    "bookId": "0",
    "content": "每接收或发送一封电子邮件，就要耗掉",
    "createdAt": "2018-03-30T20:42:35.000Z",
    "pageAt": "#618-618",
    "title": "深度工作",
  },
  Object {
    "bookId": "0",
    "content": "文化期望人们能够迅速",
    "createdAt": "2018-04-22T16:15:06.000Z",
    "pageAt": "#642-642",
    "title": "深度工作",
  },
  Object {
    "bookId": "0",
    "content": "增加的功能越多，就越难发现真正对用户有价值的新功能。这样盲目添加的新功能早晚会成为垃圾功能。增加复杂性意味着遗留代码越来越沉重，导致产品维护成本越来越高，而且也越来越难以灵活应对市场变化。",
    "createdAt": "2018-04-30T17:58:11.000Z",
    "pageAt": "#69-72",
    "title": "简约至上:交互式设计四策略",
  },
  Object {
    "bookId": "0",
    "content": "因为增加的复杂性导致他们很难找到自己真正需要的功能。况且，一想到为那么多没用的功能买单，他们就更加不高兴了。",
    "createdAt": "2018-04-30T17:58:46.000Z",
    "pageAt": "#72-73",
    "title": "简约至上:交互式设计四策略",
  },
  Object {
    "bookId": "0",
    "content": "。简单的特征和个性应该源自你使用的方法、所要表现的产品，以及用户执行的任务。",
    "createdAt": "2018-04-30T18:02:28.000Z",
    "pageAt": "#98-99",
    "title": "简约至上:交互式设计四策略",
  },
  Object {
    "bookId": "0",
    "content": "你要搞清楚简化用户体验将会如何影响方程式中的每一项。简化产品后公司能卖出更多车（例如，更符合用户的需要），还是能够提高价格（因为能给人更先进的感觉），还是能够降低成本（因为零部件采购价格更便宜）？ 然后，还要将这些改变排出先后次序。比较好的做法就是对每项改变的重要性和可行性做出评估。如果问别人，他们会说什么都重要，一切皆可行。为此，最好让他们将重要性和可行性分出几个固定的档次。",
    "createdAt": "2018-04-30T18:09:47.000Z",
    "pageAt": "#124-128",
    "title": "简约至上:交互式设计四策略",
  },
  Object {
    "bookId": "0",
    "content": "保持中立好像会更稳妥一些。与什么都苛求的发烧友相比，随意型用户倒是喜欢使用一些新奇的功能，只要把它们设计得稍微简单点就行。",
    "createdAt": "2018-06-15T23:01:41.000Z",
    "pageAt": "#220-222",
    "title": "简约至上:交互式设计四策略",
  },
  Object {
    "bookId": "0",
    "content": "尽可能快的回应用户需求",
    "createdAt": "2018-07-30T19:27:36.000Z",
    "pageAt": "#240",
    "title": "简约至上:交互式设计四策略",
  },
  Object {
    "bookId": "0",
    "content": "主流用户最感兴趣的是立即把工作做完，专家则喜欢首先设定自己的偏好。",
    "createdAt": "2018-07-30T19:27:36.000Z",
    "pageAt": "#239-240",
    "title": "简约至上:交互式设计四策略",
  },
  Object {
    "bookId": "0",
    "content": "用户的感情色彩",
    "createdAt": "2018-07-30T19:29:49.000Z",
    "pageAt": "#253",
    "title": "简约至上:交互式设计四策略",
  },
  Object {
    "bookId": "0",
    "content": "然而，人是有感情的动物。即便是像工作表这样直观的应用，他们都想找到一个使用它的理由。",
    "createdAt": "2018-07-30T19:29:49.000Z",
    "pageAt": "#252-253",
    "title": "简约至上:交互式设计四策略",
  },
  Object {
    "bookId": "0",
    "content": "Things",
    "createdAt": "2018-07-30T19:32:56.000Z",
    "pageAt": "#253",
    "title": "简约至上:交互式设计四策略",
  },
  Object {
    "bookId": "0",
    "content": "理解感情需求能够帮你把握设计重点，尤尔根说：",
    "createdAt": "2018-07-30T19:32:56.000Z",
    "pageAt": "#253-253",
    "title": "简约至上:交互式设计四策略",
  },
  Object {
    "bookId": "0",
    "content": "目标选择是否有问题",
    "createdAt": "2018-07-30T19:54:03.000Z",
    "pageAt": "#405",
    "title": "简约至上:交互式设计四策略",
  },
  Object {
    "bookId": "0",
    "content": "错误。 几年前，有汽车厂商请我帮他们设计一个选车程序。他们头脑中已经有了一个设计思路：询问客户有关生活方式和个人喜好方面的问题，根据他们的回答给出一个简短的列表，让他们从中选择。 可是，当我把这个想法说给客户听时，他们告诉我，在回答问题时他们有可能撒谎。说：“如果告诉他们我有一条狗，那我就看不到敞篷车了。”这种让客户描述自己兴趣爱好的烦琐过程，很快会让客户厌烦。",
    "createdAt": "2018-07-30T19:54:03.000Z",
    "pageAt": "#400-405",
    "title": "简约至上:交互式设计四策略",
  },
  Object {
    "bookId": "0",
    "content": "重要",
    "createdAt": "2018-07-30T19:57:04.000Z",
    "pageAt": "#429",
    "title": "简约至上:交互式设计四策略",
  },
  Object {
    "bookId": "0",
    "content": "让最核心的理念随处可见，提醒人们时刻谨记。",
    "createdAt": "2018-07-30T19:57:04.000Z",
    "pageAt": "#429-429",
    "title": "简约至上:交互式设计四策略",
  },
  Object {
    "bookId": "0",
    "content": "重点",
    "createdAt": "2018-07-30T20:04:20.000Z",
    "pageAt": "#525",
    "title": "简约至上:交互式设计四策略",
  },
  Object {
    "bookId": "0",
    "content": "。因此，在通过删除来简化设计时，请准备一张白纸，问自己：“最重要的问题是什么？”然后，渐进地添加最重要的功能和内容。",
    "createdAt": "2018-07-30T20:04:20.000Z",
    "pageAt": "#524-525",
    "title": "简约至上:交互式设计四策略",
  },
  Object {
    "bookId": "0",
    "content": "小程序现状",
    "createdAt": "2018-07-30T20:09:16.000Z",
    "pageAt": "#535",
    "title": "简约至上:交互式设计四策略",
  },
  Object {
    "bookId": "0",
    "content": "设计团队经常会以提供尽可能多的功能为目标。那些耗时而又不容易实现的功能通常会被砍掉。如果有人强烈反对，得到的答复一般是他们的功能会在“第二阶段”或“第三阶段”实现。 结果呢，无非就是得到一个由简单的功能叠加起来的毫无特色的产品，与市面上现有的平庸货别无二致。 这种做法会导致项目发散没有灵魂，但它却是删除功能和内容的一种通行做法，比我见到的任何其他做法都要多。",
    "createdAt": "2018-07-30T20:09:16.000Z",
    "pageAt": "#531-535",
    "title": "简约至上:交互式设计四策略",
  },
  Object {
    "bookId": "0",
    "content": "强化最有价值部分",
    "createdAt": "2018-07-30T20:10:42.000Z",
    "pageAt": "#539",
    "title": "简约至上:交互式设计四策略",
  },
  Object {
    "bookId": "0",
    "content": "不要等着别人不分青红皂白地、无情地删除最有意思的功能。要总揽全局，保证只交付那些真正有价值的功能和内容。",
    "createdAt": "2018-07-30T20:10:42.000Z",
    "pageAt": "#538-539",
    "title": "简约至上:交互式设计四策略",
  },
  Object {
    "bookId": "0",
    "content": "笔记",
    "createdAt": "2018-07-30T20:12:50.000Z",
    "pageAt": "#552",
    "title": "简约至上:交互式设计四策略",
  },
  Object {
    "bookId": "0",
    "content": "在按照优先级对功能排序时，要时刻记住用户认为那些关系到他们日常使用体验的功能最有价值。",
    "createdAt": "2018-07-30T20:12:50.000Z",
    "pageAt": "#551-552",
    "title": "简约至上:交互式设计四策略",
  },
  Object {
    "bookId": "0",
    "content": "消除挫折感",
    "createdAt": "2018-07-30T20:14:03.000Z",
    "pageAt": "#547",
    "title": "简约至上:交互式设计四策略",
  },
  Object {
    "bookId": "0",
    "content": "，艾伦的研究表明，客户在这一点上的挫折感，要远远大于他们对另外两个新增功能的兴趣：",
    "createdAt": "2018-07-30T20:14:03.000Z",
    "pageAt": "#546-547",
    "title": "简约至上:交互式设计四策略",
  },
  Object {
    "bookId": "0",
    "content": "消除挫折感",
    "createdAt": "2018-07-30T20:21:28.000Z",
    "pageAt": "#554",
    "title": "简约至上:交互式设计四策略",
  },
  Object {
    "bookId": "0",
    "content": "能够消除他们挫折感的功能同样也会受到欢迎。在描绘用户故事时，别忘了寻找常见的挫折和难题。",
    "createdAt": "2018-07-30T20:21:29.000Z",
    "pageAt": "#553-554",
    "title": "简约至上:交互式设计四策略",
  },
  Object {
    "bookId": "0",
    "content": "清除减速带",
    "createdAt": "2018-07-31T20:24:43.000Z",
    "pageAt": "#694",
    "title": "简约至上:交互式设计四策略",
  },
  Object {
    "bookId": "0",
    "content": "默认值是节省用户时间和精力的有效方式，也是清除设计蓝图中“减速带”的首选方式。",
    "createdAt": "2018-07-31T20:24:43.000Z",
    "pageAt": "#693-694",
    "title": "简约至上:交互式设计四策略",
  },
  Object {
    "bookId": "0",
    "content": "简单的用户体验",
    "createdAt": "2018-07-31T20:26:21.000Z",
    "pageAt": "#703",
    "title": "简约至上:交互式设计四策略",
  },
  Object {
    "bookId": "0",
    "content": "简单的用户体验不会强迫用户去做这种选择，哪种方式最有效应该是设计团队考虑的问题。",
    "createdAt": "2018-07-31T20:26:21.000Z",
    "pageAt": "#702-703",
    "title": "简约至上:交互式设计四策略",
  },
  Object {
    "bookId": "0",
    "content": "没人看的文字？也许是因为网页",
    "createdAt": "2018-08-08T22:10:00.000Z",
    "pageAt": "#753-754",
    "title": "简约至上:交互式设计四策略",
  },
]
`;

exports[`parser: 其他资源解析 1`] = `
Array [
  Object {
    "bookId": "0",
    "content": "Happiness in marriage is entirely a matter of chance. If the dispositions of the parties are ever so well known to each other or ever so similar beforehand, it does not advance their felicity in the least. They always continue to grow sufficiently unlike afterwards to have their share of vexation; and it is better to know as little as possible of the defects of the person with whom you are to pass your life.\\"",
    "createdAt": "2019-04-17T08:44:37.000Z",
    "pageAt": "#305-308",
    "title": "Pride and Prejudice",
  },
  Object {
    "bookId": "0",
    "content": "'Keep your breath to cool your porridge'; and I shall keep mine to swell my song.\\"",
    "createdAt": "2019-04-17T08:53:16.000Z",
    "pageAt": "#329-330",
    "title": "Pride and Prejudice",
  },
  Object {
    "bookId": "0",
    "content": "首先，是安多弗——阿谢尔夫人的整个悲剧生活，她的斗争，对她的德国丈夫的支持和对侄女的爱。这可以单独写成一部小说。接着是贝克斯希尔——那幸福悠闲的父亲和母亲以及两个截然不同的女儿——糊涂的傻子同有着强烈意志力的梅根，她富有才智，并执著追求真理。还有另一个人物——那个有自制力的年轻苏格兰男人，他多情，有嫉妒心并深深爱着死去的姑娘。最后是彻斯顿全家——垂死的妻子，以及沉溺于收藏的丈夫，他却又对因同情而帮助过自己的漂亮的姑娘满怀温柔和同情，还有那个弟弟，他充满活力，魅力四射，诙谐有趣，从他的长途跋涉中能发现他那迷人的神韵。”",
    "createdAt": "2019-04-26T13:51:42.000Z",
    "pageAt": "#1530-1535",
    "title": "波洛6　ABC谋杀案",
  },
  Object {
    "bookId": "0",
    "content": "communal",
    "createdAt": "2019-05-06T13:14:58.000Z",
    "pageAt": "#1262-1262",
    "title": "The Economist [周五, 12 4月 2019]",
  },
  Object {
    "bookId": "0",
    "content": "胶泥层的地方，将接地电极埋设在崖壁上的那个位置",
    "createdAt": "2019-05-08T00:40:04.000Z",
    "pageAt": "#3379-3380",
    "title": "三体",
  },
  Object {
    "bookId": "0",
    "content": "broth",
    "createdAt": "2019-05-23T12:55:00.000Z",
    "pageAt": "#1262-1262",
    "title": "The Economist [周五, 12 4月 2019]",
  },
  Object {
    "bookId": "0",
    "content": "eponymous",
    "createdAt": "2019-05-23T12:55:48.000Z",
    "pageAt": "#1266-1266",
    "title": "The Economist [周五, 12 4月 2019]",
  },
  Object {
    "bookId": "0",
    "content": "proletariat.",
    "createdAt": "2019-05-23T12:57:58.000Z",
    "pageAt": "#1269-1269",
    "title": "The Economist [周五, 12 4月 2019]",
  },
  Object {
    "bookId": "0",
    "content": "savoured",
    "createdAt": "2019-05-23T12:59:06.000Z",
    "pageAt": "#1272-1272",
    "title": "The Economist [周五, 12 4月 2019]",
  },
  Object {
    "bookId": "0",
    "content": "sprouting",
    "createdAt": "2019-05-23T13:00:33.000Z",
    "pageAt": "#1278-1278",
    "title": "The Economist [周五, 12 4月 2019]",
  },
  Object {
    "bookId": "0",
    "content": "plaudits",
    "createdAt": "2019-05-23T13:01:01.000Z",
    "pageAt": "#1280-1281",
    "title": "The Economist [周五, 12 4月 2019]",
  },
  Object {
    "bookId": "0",
    "content": "大褂不断配合着他的表情和情绪，显示出不同的",
    "createdAt": "2019-06-22T00:10:35.000Z",
    "pageAt": "#9400-9401",
    "title": "三体",
  },
  Object {
    "bookId": "0",
    "content": "大褂不断配合着他的表情和情绪，显示出不同的赏心悦目的图像，有大海，晚霞和细雨中的树林",
    "createdAt": "2019-06-22T08:27:52.000Z",
    "pageAt": "#9400-9401",
    "title": "三体",
  },
  Object {
    "bookId": "0",
    "content": "如果你是个木匠，你要做一个漂亮的衣柜，你不会用胶合板做背板，虽然这一块是靠着墙的，没人会看见。你自己知道它就在那儿，所以你会用一块漂亮的木头去做背板。如果你想晚上睡得安稳的话，就要保证外观和质量都足够好。”",
    "createdAt": "2019-07-11T23:23:35.000Z",
    "pageAt": "#2201-2203",
    "title": "史蒂夫·乔布斯传",
  },
  Object {
    "bookId": "0",
    "content": "云天明想起了卡夫卡的一篇小说，里面的主人公与父亲发生了口角，父亲随口骂道“你去死吧”，儿子立刻应声说“好，我去死”，就像说“好，我去倒垃圾”或“好，我去关门”一样轻快，然后儿子跑出家门，穿过马路，跑上一座大桥，跳下去死了。",
    "createdAt": "2019-07-14T00:10:10.000Z",
    "pageAt": "#13164-13166",
    "title": "三体",
  },
  Object {
    "bookId": "0",
    "content": "总之那一瞬间我就放弃了自我，成了集体的一部分，成了集体的一个细胞、一个零件——只有集体生存下来，自己的存在才有意义……就是这样，我说不清楚，我不指望你们理解。即使您，法官先生，亲自乘上“青铜时代”号，再向太阳系外沿着我们的航线航行几万个天文单位，甚至比那更远，你也不可能理解，因为你知道你还会回来，你的灵魂一步都没离开，还在地球上——除非飞船的后面突然间一无所有，太阳地球都消失，变成一片虚空，那时你才能理解我的那种变化。",
    "createdAt": "2019-07-14T10:52:49.000Z",
    "pageAt": "#14196-14200",
    "title": "三体",
  },
  Object {
    "bookId": "0",
    "content": "总之那一瞬间我就放弃了自我，成了集体的一部分，成了集体的一个细胞、一个零件——只有集体生存下来，自己的存在才有意义……就是这样，我说不清楚，我不指望你们理解。即使您，法官先生，亲自乘上“青铜时代”号，再向太阳系外沿着我们的航线航行几万个天文单位，甚至比那更远，你也不可能理解，因为你知道你还会回来，你的灵魂一步都没离开，还在地球上——除非飞船的后面突然间一无所有，太阳地球都消失，变成一片虚空，那时你才能理解我的那种变化。",
    "createdAt": "2019-07-14T10:52:56.000Z",
    "pageAt": "#14196-14200",
    "title": "三体",
  },
  Object {
    "bookId": "0",
    "content": "可你应该重新认识良心和责任这两样东西，责任使你出让行星，良心使你保留恒星；责任又让你放弃恒星的能量。",
    "createdAt": "2019-07-14T11:06:31.000Z",
    "pageAt": "#14311-14312",
    "title": "三体",
  },
  Object {
    "bookId": "0",
    "content": "为什么要判死刑？答案是因为杀了人，但这只是正确答案之—，还有一个答案是：因为杀的人太少了。杀一个人是要被判死刑的，杀几个几十个更是如此，如果杀了几千几万人，那就罪该万死；但如果再多些，杀了几十万人呢？当然也该判死刑，但对于有些历史知识的人，这个回答就不是太确定了；再进一步，如果杀了几百万人呢？那可以肯定这人不会被判死刑，甚至不会受到法律的惩处，不信看看历史就知道了，那些杀人超过百万的人，好像都被称为伟人和英雄；更进一步，如果这人毁灭了一个世界，杀死了其中的所有生命，那他就成了救世主",
    "createdAt": "2019-07-14T11:10:48.000Z",
    "pageAt": "#14350-14355",
    "title": "三体",
  },
  Object {
    "bookId": "0",
    "content": "构成威慑的主要元素有：威慑者和被烕慑者，在黑暗森林威慑中分别是人类和三体世界；威慑操作，发射三体世界坐标导致两个世界毁灭；威慑控制者，掌握发射开关的人或组织；威慑目标，三体世界放弃侵略并向人类世界传递技术。",
    "createdAt": "2019-07-14T11:25:35.000Z",
    "pageAt": "#14412-14414",
    "title": "三体",
  },
  Object {
    "bookId": "0",
    "content": "：一旦威慑失败，那么再进行威慑橾作对于威慑者",
    "createdAt": "2019-07-14T11:26:10.000Z",
    "pageAt": "#14416-14416",
    "title": "三体",
  },
  Object {
    "bookId": "0",
    "content": "终极威慑成功的关键在于，必须使被威慑者相信，如果它不接受威慑目标，就有极大的可能触发威慑操作，描述这一因素的是威慑博弈学中的一个重要指标：威慑度。只有威慑度高于80%，终极威慑才有可能成功。",
    "createdAt": "2019-07-14T11:26:27.000Z",
    "pageAt": "#14416-14418",
    "title": "三体",
  },
  Object {
    "bookId": "0",
    "content": "威慑本身的情形使这种决定的可能性进一步降低：如果威慑失败，人类还有至少一代人的时间可以存活",
    "createdAt": "2019-07-14T11:27:46.000Z",
    "pageAt": "#14421-14422",
    "title": "三体",
  },
  Object {
    "bookId": "0",
    "content": "慑本身的情形使这种决定的可能性进一步降低：如果威慑失败，人类还有至少一代人的时间可以",
    "createdAt": "2019-07-14T11:27:54.000Z",
    "pageAt": "#14421-14422",
    "title": "三体",
  },
  Object {
    "bookId": "0",
    "content": "，从某种意义上说，这对活着的人就是全部了；如果因烕慑失败而进行威慑操作，向宇宙广播两个世界的坐标，那毁灭随时都可能到来，这个",
    "createdAt": "2019-07-14T11:28:01.000Z",
    "pageAt": "#14422-14423",
    "title": "三体",
  },
  Object {
    "bookId": "0",
    "content": "去物质效应”是宇宙心理学中的一个概念。当人们身处地球世界时，周围被物质实体所围绕，潜意识中的世界图像是物质的和实体的；但在远离太阳系的外太空中，星星只是遥远的光点，银河系也只是一片发光的薄雾，从感官和心理上，世界已经失去了质量和实体感，空间主宰了一切，于是，航行者潜意识中的世界图像由物质的变成了虚空的，这个心理模型是宇航心理的基本坐标。这时，在心理层面上，飞船成为了宇宙中唯一的一个物质实体。在亚光速下，飞船的运动是不可察觉的，宇宙变成了一间没有边际的空旷展厅，群星都像幻觉，飞船是唯一的展品。这种心理模型可能带来巨大的孤独感，并且很容易在潜意识中产生对“展品”的超级观察者的幻想，进而又带来因完全暴露而产生的被动感和不安。",
    "createdAt": "2019-07-15T23:13:11.000Z",
    "pageAt": "#14859-14865",
    "title": "三体",
  },
  Object {
    "bookId": "0",
    "content": "去物质效应”是宇宙心理学中的一个概念。当人们身处地球世界时，周围被物质实体所围绕，潜意识中的世界图像是物质的和实体的；但在远离太阳系的外太空中，星星只是遥远的光点，银河系也只是一片发光的薄雾，从感官和心理上，世界已经失去了质量和实体感，空间主宰了一切，于是，航行者潜意识中的世界图像由物质的变成了虚空的，这个心理模型是宇航心理的基本坐标。这时，在心理层面上，飞船成为了宇宙中唯一的一个物质实体。在亚光速下，飞船的运动是不可察觉的，宇宙变成了一间没有边际的空旷展厅，群星都像幻觉，飞船是唯一的展品。这种心理模型可能带来巨大的孤独感，并且很容易在潜意识中产生对“展品”的超级观察者的幻想，进而又带来因完全暴露而产生的被动感和不安。",
    "createdAt": "2019-07-15T23:14:15.000Z",
    "pageAt": "#14859-14865",
    "title": "三体",
  },
  Object {
    "bookId": "0",
    "content": "这意味着，光永远不可能从宇宙的一端传到另一端，由于没有东西能超过光速，那宇宙一端的信息和作用力也永远不能传到另一端。如果宇宙是一个人，就意味着他没有一个神经信号能够传遍全身，他的大脑不知道四肢的存在，四肢不知道大脑的存在，同时每个肢体也不知道其他肢体的存在，",
    "createdAt": "2019-07-15T23:17:41.000Z",
    "pageAt": "#14893-14895",
    "title": "三体",
  },
  Object {
    "bookId": "0",
    "content": "当她以执剑人的身份面对那个遥远的世界时，与罗辑不同，她没感觉到这是一场生死决斗，只感觉这是一盘棋，她平静地在棋盘前坐下，想好了各种开局，假设了对方的各种棋路并一—想好应对的方法，她准备用一生的时间下这盘棋。 但对方没移动一枚棋子，而是抓起棋盘向她噼头盖脸砸过来。",
    "createdAt": "2019-07-15T23:38:55.000Z",
    "pageAt": "#15083-15086",
    "title": "三体",
  },
  Object {
    "bookId": "0",
    "content": "当她以执剑人的身份面对那个遥远的世界时，与罗辑不同，她没感觉到这是一场生死决斗，只感觉这是一盘棋，她平静地在棋盘前坐下，想好了各种开局，假设了对方的各种棋路并一—想好应对的方法，她准备用一生的时间下这盘棋。 但对方没移动一枚棋子，而是抓起棋盘向她噼头盖脸砸过来。",
    "createdAt": "2019-07-15T23:39:05.000Z",
    "pageAt": "#15083-15086",
    "title": "三体",
  },
  Object {
    "bookId": "0",
    "content": "不可描述。 首次",
    "createdAt": "2019-07-17T23:19:22.000Z",
    "pageAt": "#16034-16034",
    "title": "三体",
  },
  Object {
    "bookId": "0",
    "content": "首次从四维空间看三维世界的人，首先领悟到一点：以前身处三维世界时，他其实根本没看见过自己的世界，如果把三维世界也比做一张画，他看到的只是那张画与他的脸平面垂宣放置时的样子，看到的只是画的侧面，一条线；只有从四维看，画才对他平放了",
    "createdAt": "2019-07-17T23:19:34.000Z",
    "pageAt": "#16034-16036",
    "title": "三体",
  },
  Object {
    "bookId": "0",
    "content": "首次从四维空间看三维世界的人，首先领悟到一点：以前身处三维世界时，他其实根本没看见过自己的世界，如果把三维世界也比做一张画，他看到的只是那张画与他的脸平面垂宣放置时的样子，看到的只是画的侧面，一条线；只有从四维看，画才对他平放了",
    "createdAt": "2019-07-17T23:29:46.000Z",
    "pageAt": "#16034-16036",
    "title": "三体",
  },
  Object {
    "bookId": "0",
    "content": "首次从四维空间看三维世界的人，首先领悟到一点：以前身处三维世界时，他其实根本没看见过自己的世界，如果把三维世界也比做一张画，他看到的只是那张画与他的脸平面垂宣放置时的样子，看到的只是画的侧面，一条线；只有从四维看，画才对他平放了",
    "createdAt": "2019-07-17T23:30:03.000Z",
    "pageAt": "#16034-16036",
    "title": "三体",
  },
  Object {
    "bookId": "0",
    "content": "首次从四维空间看三维世界的人，首先领悟到一点：以前身处三维世界时，他其实根本没看见过自己的世界，如果把三维世界也比做一张画，他看到的只是那张画与他的脸平面垂宣放置时的样子，看到的只是画的侧面，一条线；只有从四维看，画才对他平放了",
    "createdAt": "2019-07-17T23:32:02.000Z",
    "pageAt": "#16034-16036",
    "title": "三体",
  },
  Object {
    "bookId": "0",
    "content": "比如一个封闭容器，首先可以看到它内部的物体，而这些内部物体的内部也是可见的，在这无穷层次的暴露并列中，便显露出无限的细节。在莫沃维奇和关一帆面前的飞船，虽然一切都显露在眼前，但任何一个小范围内的一件小东西，比如—只水杯或一支笔，它们并列出来的细节也是无限的，枧觉也接收到无限的信息，用眼睛看时，穷尽一生也不可能看全它们在四维空间的外形。当一个物体在所有层次上都暴露在四维时，便产生了一种令人眩晕的深度感，像一个无限嵌套的俄罗斯套娃，这时，“从果核中看到无穷”不再是一个比喻",
    "createdAt": "2019-07-17T23:32:23.000Z",
    "pageAt": "#16050-16055",
    "title": "三体",
  },
  Object {
    "bookId": "0",
    "content": "如果从宇宙尺度的远距离观察，三体世界显现出某种危险特征，那么，是否存在某种安全特征，或者叫安全声明，可以向宇宙表明一个文明是安全的，不会对其他世界构成任何威胁，进而避免黑暗森林打击？地球文明有办法向宇宙发出这样的安全声明吗？”",
    "createdAt": "2019-07-18T13:29:12.000Z",
    "pageAt": "#16548-16550",
    "title": "三体",
  },
  Object {
    "bookId": "0",
    "content": "有人认为，绘画象征着对现实世界的数字化或信息化，因此这个情节可能暗示着对人的数字化，暗示着人类通过自身的数字化躲过黑暗森林打击。持这一观点的学者还注意到，被画到画里的人对于现实世界是安全的，因而人类数字化也可能是发布宇宙安全声明的一种途径。但另一种观点认为，这个情节有空间维度的隐喻，画纸与现实是两个不同维度的空间，人物被画入画中后在三维现实消失，使人不由得联想到“蓝色空间”号和“万有引力”号两舰在四维空间碎块中的遭遇，作者可能暗示人类把四维空间作为避难所，或者用某种方式通过四维空间向宇宙发布安全声明。也有人认为，深水王子",
    "createdAt": "2019-07-20T17:41:33.000Z",
    "pageAt": "#17717-17722",
    "title": "三体",
  },
  Object {
    "bookId": "0",
    "content": "有人认为，绘画象征着对现实世界的数字化或信息化，因此这个情节可能暗示着对人的数字化，暗示着人类通过自身的数字化躲过黑暗森林打击。持这一观点的学者还注意到，被画到画里的人对于现实世界是安全的，因而人类数字化也可能是发布宇宙安全声明的一种途径。但另一种观点认为，这个情节有空间维度的隐喻，画纸与现实是两个不同维度的空间，人物被画入画中后在三维现实消失，使人不由得联想到“蓝色空间”号和“万有引力”号两舰在四维空间碎块中的遭遇，作者可能暗示人类把四维空间作为避难所，或者用某种方式通过四维空间向宇宙发布安全声明。也有人认为，深水王子不符合透视原理的身高也暗示着四维空间。",
    "createdAt": "2019-07-20T17:41:41.000Z",
    "pageAt": "#17717-17723",
    "title": "三体",
  },
  Object {
    "bookId": "0",
    "content": "维德抬头看着程心，目光中又露出了那种罕见的无助和乞求，他一字一顿地说：“失去人性，失去很多；失去兽性，失去一切。”",
    "createdAt": "2019-07-21T08:05:25.000Z",
    "pageAt": "#19322-19323",
    "title": "三体",
  },
  Object {
    "bookId": "0",
    "content": "“我说别傲慢，弱小和无知不是生存的障碍，傲慢才是，想想水滴吧！”",
    "createdAt": "2019-07-21T08:43:24.000Z",
    "pageAt": "#19764-19765",
    "title": "三体",
  },
  Object {
    "bookId": "0",
    "content": "文明像一场五千年的狂奔，不断的进步推动着更快的进步，无数的奇迹催生出更大的奇迹，人类似乎拥有了神一般的力量……但最后发现，真正的力量在时间手里，留下脚印比创造世界更难，在这文明的尽头，他们也只能做远古的婴儿时代的做过的事。",
    "createdAt": "2019-07-21T09:37:10.000Z",
    "pageAt": "#20049-20051",
    "title": "三体",
  },
  Object {
    "bookId": "0",
    "content": "持之以恒，不乱节奏，对于长期作业实在至为重要。一旦节奏得以设定，其余的问题便可以迎刃而解。然而要让惯性的轮子以一定的速度准确无误地旋转起",
    "createdAt": "2019-07-21T23:28:23.000Z",
    "pageAt": "#59-60",
    "title": "当我谈跑步时，我谈些什么",
  },
  Object {
    "bookId": "0",
    "content": "持之以恒，不乱节奏，对于长期作业实在至为重要。一旦节奏得以设定，其余的问题便可以迎刃而解。然而要让惯性的轮子以一定的速度准确无误地旋转起来，对待持之以恒，何等小心翼翼亦不为过。",
    "createdAt": "2019-07-21T23:28:32.000Z",
    "pageAt": "#59-61",
    "title": "当我谈跑步时，我谈些什么",
  },
  Object {
    "bookId": "0",
    "content": "可是当你不顾一切地坚持跑完，便觉得仿佛所有的东西都从躯体最深处挤榨了出来，一种类似自暴自弃的爽快感油然而生。",
    "createdAt": "2019-07-21T23:31:00.000Z",
    "pageAt": "#88-89",
    "title": "当我谈跑步时，我谈些什么",
  },
  Object {
    "bookId": "0",
    "content": "岁月流逝，学生们的面孔交替更换，我则年龄增长了十岁，恰如那句话所说：往事如烟。尽管如此，河流却仿佛没有丝毫变化，依旧保留着昔日的姿容。滔滔的流水，向着波士顿湾无声逝去，它浸润了河岸，繁茂了绿色的夏草，养育了水鸟，从石造的古桥下穿过，夏季映照着蓝天白云，冬天则漂浮着冰凌，不急不躁，无休无止，仿佛通过了种种考验、不可动摇的观念一般，只是默默流向大海。",
    "createdAt": "2019-07-21T23:36:55.000Z",
    "pageAt": "#148-151",
    "title": "当我谈跑步时，我谈些什么",
  },
  Object {
    "bookId": "0",
    "content": "跑步时浮上脑际的思绪，很像天际的云朵，形状各异，大小不同。它们飘然而来，又飘然而去。然而天空犹自是天空，一成不变。云朵不过是匆匆过客，它穿过天空，来了去了。唯有天空留存下来。所谓天空。，是既在又不在的东西，既是实体又不是实体。对于天空这种广漠容器般的存在状态，我们唯有照单收下，全盘接受。",
    "createdAt": "2019-07-21T23:41:32.000Z",
    "pageAt": "#192-194",
    "title": "当我谈跑步时，我谈些什么",
  },
  Object {
    "bookId": "0",
    "content": "然而，须让那\\"一个人\\"确确实实地、百分之百地中意。经营者必须拥有明确的姿态和哲学，作为自己的尊坶高高地举起，坚忍不拔地顶住狂风暴雨，坚持下去。这是我从开店的亲身体验中学到的。",
    "createdAt": "2019-07-22T13:16:53.000Z",
    "pageAt": "#392-394",
    "title": "当我谈跑步时，我谈些什么",
  },
  Object {
    "bookId": "0",
    "content": "不管怎样，反正得坚持跑步。每日跑步对我来说好比生命线，不能说忙就抛开不管，或者停下不跑了。忙就中断跑步的话，我一辈子都无法跑步。坚持跑步的理由不过一丝半点，中断跑步的理由却足够装满一辆大型载重卡车。",
    "createdAt": "2019-07-25T13:23:41.000Z",
    "pageAt": "#694-696",
    "title": "当我谈跑步时，我谈些什么",
  },
  Object {
    "bookId": "0",
    "content": "我不是人，是一架纯粹的机器，所以什么也无须感觉，唯有向前奔跑。",
    "createdAt": "2019-07-25T23:51:15.000Z",
    "pageAt": "#1052-1052",
    "title": "当我谈跑步时，我谈些什么",
  },
  Object {
    "bookId": "0",
    "content": "在这里，跑步几乎达到了形而上学的领域。仿佛先有了行为，然后附带性地才有了我的存在。我跑，故我在。",
    "createdAt": "2019-07-25T23:53:45.000Z",
    "pageAt": "#1088-1089",
    "title": "当我谈跑步时，我谈些什么",
  },
  Object {
    "bookId": "0",
    "content": "我有自己的职责，时间也有它的职责，而且远比我这样的人更忠实、更精确地完成。自打时间这东西产生以来(究竟是什么时候啊)，它片刻也不曾休息过，一直前行。躲过了夭折一劫的人，作为恩典，都被赋予实实在在地老去这一弥足珍贵的权利。肉体的衰减这一荣誉守候在前方，我们必须接受并习惯它。",
    "createdAt": "2019-07-26T07:30:52.000Z",
    "pageAt": "#1157-1160",
    "title": "当我谈跑步时，我谈些什么",
  },
  Object {
    "bookId": "0",
    "content": "是啊，不管别人说什么，这是我与生俱来的性格，就好似蝎子天生要螫人，蝉天生要死叮着树一般；又好比鲑鱼注定要回到它出",
    "createdAt": "2019-07-26T13:36:32.000Z",
    "pageAt": "#1409-1411",
    "title": "当我谈跑步时，我谈些什么",
  },
  Object {
    "bookId": "0",
    "content": "是啊，不管别人说什么，这是我与生俱来的性格，就好似蝎子天生要螫人，蝉天生要死叮着树一般；又好比鲑鱼注定要回到它出",
    "createdAt": "2019-07-26T13:36:38.000Z",
    "pageAt": "#1409-1411",
    "title": "当我谈跑步时，我谈些什么",
  },
  Object {
    "bookId": "0",
    "content": "是啊，不管别人说什么，这是我与生俱来的性格，就好似蝎子天生要螫人，蝉天生要死叮着树一般；又好比鲑鱼注定要回到它出生的河流，一对儿野鸭子注定要相互追求一样",
    "createdAt": "2019-07-26T13:36:42.000Z",
    "pageAt": "#1409-1411",
    "title": "当我谈跑步时，我谈些什么",
  },
  Object {
    "bookId": "0",
    "content": "是啊，不管别人说什么，这是我与生俱来的性格，就好似蝎子天生要螫人，蝉天生要死叮着树一般；又好比鲑鱼注定要回到它出生的河流，一对儿野鸭子注定要相互追求一样",
    "createdAt": "2019-07-26T13:36:45.000Z",
    "pageAt": "#1409-1411",
    "title": "当我谈跑步时，我谈些什么",
  },
  Object {
    "bookId": "0",
    "content": "我现在认识到：生存的质量并非成绩、数字、名次之类固定的东西，而是含于行为之中的流动性的东西。",
    "createdAt": "2019-07-26T23:38:39.000Z",
    "pageAt": "#1604-1605",
    "title": "当我谈跑步时，我谈些什么",
  },
  Object {
    "bookId": "0",
    "content": "不管有无效能，是否好看，对我们至关重要的东西，几乎都是肉眼无法看见，然而用心灵可以感受到的。而且，真正有价值的东西，往往通过效率甚低的营生方才获得。即便这是虚妄的行为，也绝不是愚蠢的行为。我如此认为，作为实在感受，作为经验法则。",
    "createdAt": "2019-07-26T23:40:18.000Z",
    "pageAt": "#1609-1611",
    "title": "当我谈跑步时，我谈些什么",
  },
  Object {
    "bookId": "0",
    "content": "假如有我的墓志铭，而且上面的文字可以自己选择，我愿意它是这么写的： 村上春树 作家(兼跑者) 1949---20×× 他至少是跑到了最后 此时此刻，这，便是我的愿望。",
    "createdAt": "2019-07-26T23:41:06.000Z",
    "pageAt": "#1624-1627",
    "title": "当我谈跑步时，我谈些什么",
  },
  Object {
    "bookId": "0",
    "content": "世上就是存在如此类型的钱款------拿在手上来气，花的时候晦气，花光时自己生自己的气，于是又想花钱，但那时已无钱可花。无可救药。",
    "createdAt": "2019-08-04T08:01:30.000Z",
    "pageAt": "#1638-1639",
    "title": "寻羊冒险记",
  },
  Object {
    "bookId": "0",
    "content": "我们回宾馆性交。我非常欣赏性交这个词，它使人联想起某种形式有限的可能性。",
    "createdAt": "2019-08-04T08:50:38.000Z",
    "pageAt": "#2046-2047",
    "title": "寻羊冒险记",
  },
  Object {
    "bookId": "0",
    "content": "我们回宾馆性交。我非常欣赏性交这个词，它使人联想起某种形式有限的可能性。",
    "createdAt": "2019-08-04T08:50:43.000Z",
    "pageAt": "#2046-2047",
    "title": "寻羊冒险记",
  },
  Object {
    "bookId": "0",
    "content": "“我行过许多地方的桥，看过许多次数的云，喝过许多种类的酒，却只爱过一个正当最好年龄的人”，这是作家和学者沈从文的一段经典文字。",
    "createdAt": "2019-09-13T12:08:10.000Z",
    "pageAt": "#1899-1901",
    "title": "边城",
  },
  Object {
    "bookId": "0",
    "content": "“到了冬天，那个圯坍的白塔，又重新修好了。可是那个在月下歌唱，使翠翠在睡梦里为歌声把灵魂轻轻浮起的年轻人，还不曾回到茶峒来”。",
    "createdAt": "2019-09-13T12:18:03.000Z",
    "pageAt": "#2343-2344",
    "title": "边城",
  },
  Object {
    "bookId": "0",
    "content": "茶峒，小溪，溪边白色小塔，塔下一户人家，家里一个老人，一个女孩，一只黄狗。太阳升起，溪边小船开渡，夕阳西沉，小船收渡。",
    "createdAt": "2019-09-13T12:27:02.000Z",
    "pageAt": "#2475-2476",
    "title": "边城",
  },
  Object {
    "bookId": "0",
    "content": "茶峒，小溪，溪边白色小塔，塔下一户人家，家里一个老人，一个女孩，一只黄狗。太阳升起，溪边小船开渡，夕阳西沉，小船收渡。",
    "createdAt": "2019-09-13T12:27:06.000Z",
    "pageAt": "#2475-2476",
    "title": "边城",
  },
  Object {
    "bookId": "0",
    "content": "“我想让它成为一次革命，而不是努力榨取利润。",
    "createdAt": "2019-09-13T12:42:35.000Z",
    "pageAt": "#2596-2597",
    "title": "史蒂夫·乔布斯传",
  },
  Object {
    "bookId": "0",
    "content": "你只有可能以勇气和力量做你认为是正确的事。也许，其结果证明是不正确的，但至少是已经做过了，那才是重要的。我们应该按照我们的理智所能指引的最好的方向做去，而让上帝来判断它的最终的价值。如果现在你已经决定这样或那样地侍奉我们的造物主，那末，信心便是你对付未来的唯一指针。你应该有充分的信心，别害怕。”",
    "createdAt": "2019-12-31T09:58:08.000Z",
    "pageAt": "#480-483",
    "title": "《渴望生活——凡·高传》作者：欧文·斯通-《渴望生活——凡·高传》作者：欧文·斯通",
  },
  Object {
    "bookId": "0",
    "content": "有些东西，自己尽可不吃，但不要反对旁人吃。不要以为自己不吃的东西，谁吃，就是岂有此理",
    "createdAt": "2020-01-18T07:48:26.000Z",
    "pageAt": "#712-713",
    "title": "人间有味",
  },
  Object {
    "bookId": "0",
    "content": "有些东西，自己尽可不吃，但不要反对旁人吃。不要以为自己不吃的东西，谁吃，就是岂有此理",
    "createdAt": "2020-01-18T07:48:32.000Z",
    "pageAt": "#712-713",
    "title": "人间有味",
  },
  Object {
    "bookId": "0",
    "content": "有些东西，自己尽可不吃，但不要反对旁人吃。不要以为自己不吃的东西，谁吃，就是岂有此理。",
    "createdAt": "2020-01-18T07:48:41.000Z",
    "pageAt": "#712-713",
    "title": "人间有味",
  },
  Object {
    "bookId": "0",
    "content": "总之，一个人的口味要宽一点、杂一点，“南甜北咸东辣西酸”，都去尝尝。对食物如此，对文化也应该这样。",
    "createdAt": "2020-01-18T07:48:50.000Z",
    "pageAt": "#716-717",
    "title": "人间有味",
  },
  Object {
    "bookId": "0",
    "content": "首先是现在的、活着的；其次是昨天的、消逝不久的。理由很简单，因为我们可以看得见，摸得着，尝得出，想得透",
    "createdAt": "2020-01-19T07:35:34.000Z",
    "pageAt": "#889-890",
    "title": "人间有味",
  },
  Object {
    "bookId": "0",
    "content": "首先是现在的、活着的；其次是昨天的、消逝不久的。理由很简单，因为我们可以看得见，摸得着，尝得出，想得透。",
    "createdAt": "2020-01-19T07:35:41.000Z",
    "pageAt": "#889-890",
    "title": "人间有味",
  },
  Object {
    "bookId": "0",
    "content": "买菜，也多少是运动。我是很爱逛菜市场的。到了一个新地方，有人爱逛百货公司，有人爱逛书店，我宁可去逛逛菜市。看看生鸡活鸭、鲜鱼水菜、碧绿的黄瓜、彤红的辣椒，热热闹闹、挨挨挤挤，让人感到一种生之乐趣。",
    "createdAt": "2020-01-19T07:43:59.000Z",
    "pageAt": "#957-959",
    "title": "人间有味",
  },
  Object {
    "bookId": "0",
    "content": "拌里脊片 以四川制水煮牛肉法制猪肉，亦可。里脊或通脊斜切薄片，以芡粉抓过。烧开水一锅，投入肉片，以笊篱翻拢，至肉片变色，即可捞出，加调料。 如热吃，即可倾入水煮牛肉的调料：郫县豆瓣（剁碎）炒至出香味，加酱油、少量糖、料酒。最后撒碾碎的生花椒、芝麻。 焯过肉的汤，撇去浮沫，可做一个紫菜汤。",
    "createdAt": "2020-01-20T23:31:19.000Z",
    "pageAt": "#1196-1200",
    "title": "人间有味",
  },
  Object {
    "bookId": "0",
    "content": "這裡的人相信，在流星掉下來的時候在褲帶上打一個結，心裡想什麼好事，就能如願。",
    "createdAt": "2020-01-26T08:42:44.000Z",
    "pageAt": "#163-164",
    "title": "受戒",
  },
  Object {
    "bookId": "0",
    "content": "天当中，有太阳升起的时候，也有下沉的时候。人生也一样，有白天和黑夜，只是不会像真正的太阳那样，有定时的日出和日落。看个人，有些人一辈子都活在太阳的照耀下，也有些人不得不一直活在漆黑的深夜里。人害怕的，就是本来一直存在的太阳落下不再升起，也就是非常害怕原本照在身上的光芒消失，",
    "createdAt": "2020-02-02T07:58:09.000Z",
    "pageAt": "#7582-7584",
    "title": "白夜行",
  },
  Object {
    "bookId": "0",
    "content": "有些东西，自己尽可不吃，但不要反对旁人吃。不要以为自己不吃的东西，谁吃，就是岂有此理。",
    "createdAt": "2020-02-06T08:00:05.000Z",
    "pageAt": "#960-961",
    "title": "生活，是很好玩的",
  },
  Object {
    "bookId": "0",
    "content": "我们在小说里要表现的文化，首先是现在的，活着的；其次是昨天的，消逝不久的。理由很简单，因为我们可以看得见，摸得着，尝得出，想得透。",
    "createdAt": "2020-02-06T08:17:58.000Z",
    "pageAt": "#1198-1199",
    "title": "生活，是很好玩的",
  },
  Object {
    "bookId": "0",
    "content": "到了一个新地方，有人爱逛百货公司，有人爱逛书店，我宁可去逛逛菜市。看看生鸡活鸭、鲜鱼水菜、碧绿的黄瓜、彤红的辣椒，热热闹闹、挨挨挤挤，让人感到一种生之乐趣。",
    "createdAt": "2020-02-08T09:23:35.000Z",
    "pageAt": "#1752-1754",
    "title": "生活，是很好玩的",
  },
  Object {
    "bookId": "0",
    "content": "我家后园的一角有一棵天竹。黄腊梅、红天竹，我到现在还很得意：那是真很好看的。我把这些腊梅珠花送给我的祖母，送给大伯母，送给我的继母。她们梳了头，就插戴起来。然后，互相拜年。我应该当一个工艺美术师的，写什么屁小说！ 滇游新记 滇南草木状 尤加利树 尤加利树北方没有。",
    "createdAt": "2020-02-09T07:56:16.000Z",
    "pageAt": "#2330-2334",
    "title": "生活，是很好玩的",
  },
  Object {
    "bookId": "0",
    "content": "我家后园的一角有一棵天竹。黄腊梅、红天竹，我到现在还很得意：那是真很好看的。我把这些腊梅珠花送给我的祖母，送给大伯母，送给我的继母。她们梳了头，就插戴起来。然后，互相拜年。我应该当一个工艺美术师的，写什么屁小说！ 滇游新记 滇南草木状 尤加利树 尤加利树北方没有。四十六年前到昆明始识此树。树叶厚重",
    "createdAt": "2020-02-09T07:56:24.000Z",
    "pageAt": "#2330-2335",
    "title": "生活，是很好玩的",
  },
  Object {
    "bookId": "0",
    "content": "我家后园的一角有一棵天竹。黄腊梅、红天竹，我到现在还很得意：那是真很好看的。我把这些腊梅珠花送给我的祖母，送给大伯母，送给我的继母。她们梳了头，就插戴起来。然后，互相拜年。我应该当一个工艺美术师的，写什么屁小说！ 滇游新记 滇南草木状 尤加利树 尤加利树北方没有。",
    "createdAt": "2020-02-09T07:56:40.000Z",
    "pageAt": "#2330-2334",
    "title": "生活，是很好玩的",
  },
  Object {
    "bookId": "0",
    "content": "——我家后园的一角有一棵天竹。黄腊梅、红天竹，我到现在还很得意：那是真很好看的。我把这些腊梅珠花送给我的祖母，送给大伯母，送给我的继母。她们梳了头，就插戴起来。然后，互相拜年。我应该当一个工艺美术师的，写什么屁小说！",
    "createdAt": "2020-02-09T07:56:53.000Z",
    "pageAt": "#2330-2333",
    "title": "生活，是很好玩的",
  },
  Object {
    "bookId": "0",
    "content": "我家后园的一角有一棵天竹。黄腊梅、红天竹，我到现在还很得意：那是真很好看的。我把这些腊梅珠花送给我的祖母，送给大伯母，送给我的继母。她们梳了头，就插戴起来。然后，互相拜年。我应该当一个工艺美术师的，写什么屁小说！",
    "createdAt": "2020-02-09T07:57:17.000Z",
    "pageAt": "#2330-2333",
    "title": "生活，是很好玩的",
  },
  Object {
    "bookId": "0",
    "content": "泼水，泼人、被泼，都是未婚少女的事。一出嫁，即不再参与。已婚妇女的装束也都改变了。不再着鲜艳的筒裙，只穿白色衣裤，头上系一个衬有硬胎的高高的黑绸圆筒。背上大都用兜布背了一个孩子。她们也过泼水节，但只是来看看热闹。她们的精神也变了，冷静、淡漠，也许还有点惆怅、凄凉，不再像少女那样笑声琅琅，神采飞扬，眼睛发光。",
    "createdAt": "2020-02-09T08:04:34.000Z",
    "pageAt": "#2418-2421",
    "title": "生活，是很好玩的",
  },
  Object {
    "bookId": "0",
    "content": "我在北京的一家花店里重遇报春花，栽在花盆里，标价一元一盆。我不禁笑了：这种东西也卖钱！我们在昆明市，到田边散步，一扯就是一大把！",
    "createdAt": "2020-02-09T08:20:07.000Z",
    "pageAt": "#2603-2604",
    "title": "生活，是很好玩的",
  },
  Object {
    "bookId": "0",
    "content": "玩蜻蜓有一种恶作剧的玩法：掐一根狗尾巴草，把草茎插进蜻蜓的屁股，一撒手，蜻蜓就带着狗尾草的穗子飞了。",
    "createdAt": "2020-02-09T08:30:10.000Z",
    "pageAt": "#2712-2713",
    "title": "生活，是很好玩的",
  },
  Object {
    "bookId": "0",
    "content": "或问：你写这些昆虫什么意思？答曰：我只是希望现在的孩子也能玩玩这些昆虫，对自然发生兴趣。现在的孩子大都只在电子玩具包围中长大，未必是好事。 草木虫鱼鸟兽 雁 “爬山调”：“大雁南飞头朝西……” 诗人韩燕如告诉我，他曾经用心观察过，确实是这样。",
    "createdAt": "2020-02-09T08:30:35.000Z",
    "pageAt": "#2717-2721",
    "title": "生活，是很好玩的",
  },
  Object {
    "bookId": "0",
    "content": "或问：你写这些昆虫什么意思？答曰：我只是希望现在的孩子也能玩玩这些昆虫，对自然发生兴趣。现在的孩子大都只在电子玩具包围中长大，未必是好事。",
    "createdAt": "2020-02-09T08:30:41.000Z",
    "pageAt": "#2717-2718",
    "title": "生活，是很好玩的",
  },
  Object {
    "bookId": "0",
    "content": "沈先生家有一盆虎耳草，种在一个椭圆形的小小钧窑盆里。很多人不认识这种草。这就是《边城》里翠翠在梦里采摘的那种草，沈先生喜欢的草。",
    "createdAt": "2020-02-09T08:56:56.000Z",
    "pageAt": "#2950-2951",
    "title": "生活，是很好玩的",
  },
  Object {
    "bookId": "0",
    "content": "老舍先生爱喝茶，喝得很勤，而且很酽。他曾告诉我，到莫斯科去开会，旅馆里倒是为他特备了一只暖壶。可是他沏了茶，刚喝了几口，一转眼，服务员就给倒了。“他们不知道，中国人是一天到晚喝茶的！”",
    "createdAt": "2020-02-09T08:57:55.000Z",
    "pageAt": "#2962-2964",
    "title": "生活，是很好玩的",
  },
  Object {
    "bookId": "0",
    "content": "画完一种薯块，我就把它放进牛粪火里烤熟了，吃掉。这里的马铃薯不下七八十种，每一种我都尝过。中国吃过那么多种马铃薯的人，大概不多。天冷了，马铃薯块还没有画完，有一部分是运到沙岭子画的。还是那样的舒服。一个人一间屋子，升一个炉子，画一块，在炉子上烤烤，吃掉。我还画过一套口蘑图谱，钢笔画。口蘑都是灰白色，不需要着色。",
    "createdAt": "2020-02-12T08:25:04.000Z",
    "pageAt": "#3746-3750",
    "title": "生活，是很好玩的",
  },
  Object {
    "bookId": "0",
    "content": "做菜，也是一种轻量的运动。洗菜，切菜，炒菜，都得站着（没有人坐着炒菜的），这样对成天伏案的人，可以改换一下身体的姿势，是有好处的。",
    "createdAt": "2020-02-12T23:31:11.000Z",
    "pageAt": "#4275-4276",
    "title": "生活，是很好玩的",
  },
  Object {
    "bookId": "0",
    "content": "我觉得一个现代化的、充满人情味的家庭，首先必须做到“没大没小”。父母叫人敬畏，儿女“笔管条直”最没有意思。",
    "createdAt": "2020-02-12T23:42:27.000Z",
    "pageAt": "#4433-4434",
    "title": "生活，是很好玩的",
  },
  Object {
    "bookId": "0",
    "content": "134]他们两人都认为，国营企业应当是自主逐利的经济实体。早在1956年，顾准便强调，市场和商品生产是社会主义制度下的企业或个人在交易中不可或缺的要素。然而，一年后，他因坚持自己的这一观点被打成“右派”，在监狱和劳改场度过了大半余生。[",
    "createdAt": "2020-02-14T17:52:19.000Z",
    "pageAt": "#1114-1117",
    "title": "变革中国",
  },
  Object {
    "bookId": "0",
    "content": "134]他们两人都认为，国营企业应当是自主逐利的经济实体。早在1956年，顾准便强调，市场和商品生产是社会主义制度下的企业或个人在交易中不可或缺的要素。然而，一年后，他因坚持自己的这一观点被打成“右派”，在监狱和劳改场度过了大半余生。",
    "createdAt": "2020-02-14T17:52:35.000Z",
    "pageAt": "#1114-1117",
    "title": "变革中国",
  },
  Object {
    "bookId": "0",
    "content": "他们两人都认为，国营企业应当是自主逐利的经济实体。早在1956年，顾准便强调，市场和商品生产是社会主义制度下的企业或个人在交易中不可或缺的要素。然而，一年后，他因坚持自己的这一观点被打成“右派”，在监狱和劳改场度过了大半余生。[",
    "createdAt": "2020-02-14T17:56:04.000Z",
    "pageAt": "#1114-1117",
    "title": "变革中国",
  },
  Object {
    "bookId": "0",
    "content": "他们两人都认为，国营企业应当是自主逐利的经济实体。早在1956年，顾准便强调，市场和商品生产是社会主义制度下的企业或个人在交易中不可或缺的要素。然而，一年后，他因坚持自己的这一观点被打成“右派”，在监狱和劳改场度过了大半余生。",
    "createdAt": "2020-02-14T17:56:24.000Z",
    "pageAt": "#1114-1117",
    "title": "变革中国",
  },
  Object {
    "bookId": "0",
    "content": "人之犯馋，是在饱暖之余，眼看着、回想起或是谈论到某一美味，喉头像是有馋虫搔抓作痒，只好干咽唾沫。一旦得遂所愿，瓷情享受，浑身通泰。",
    "createdAt": "2020-02-20T07:45:23.000Z",
    "pageAt": "#735-736",
    "title": "雅舍谈吃",
  },
  Object {
    "bookId": "0",
    "content": "馋非罪，反而是胃口好、健康的现象，比食而不知其味要好得多。",
    "createdAt": "2020-02-20T07:47:29.000Z",
    "pageAt": "#760-761",
    "title": "雅舍谈吃",
  },
  Object {
    "bookId": "0",
    "content": "自发形成的制度需要经历漫长的时间才能真正确立，在人们脑中沉淀下来，成为人们思想和行为习惯中的一部分。",
    "createdAt": "2020-02-20T08:06:55.000Z",
    "pageAt": "#1307-1308",
    "title": "变革中国",
  },
  Object {
    "bookId": "0",
    "content": "There's nothing mystical about an earthquake. Pressure builds, and it's released. And you just hope there's not too much damage. But it makes you realize what matters. And for me, that's my family.",
    "createdAt": "2020-02-23T07:51:42.000Z",
    "pageAt": "#133-135",
    "title": "21世纪英文报 - 02/22 12:10",
  },
  Object {
    "bookId": "0",
    "content": "对改革开放，一开始就有不同意见，这是正常的……不搞争论，是我的一个发明。不争论，是为了争取时间干。一争论就复杂了，把时间都争掉了，什么也干不成。不争论，大胆地试，大胆地闯。",
    "createdAt": "2020-02-27T19:57:51.000Z",
    "pageAt": "#1602-1603",
    "title": "变革中国",
  },
  Object {
    "bookId": "0",
    "content": "改革开放胆子要大一些，敢于试验，不能像小脚女人一样。看准了的，就大胆地试，大胆地闯。",
    "createdAt": "2020-03-02T07:30:05.000Z",
    "pageAt": "#2693-2694",
    "title": "变革中国",
  },
  Object {
    "bookId": "0",
    "content": "由于经济本质上是人们谋生的过程，任何一个国家的经济都不可避免地会打上国民性格的烙印。",
    "createdAt": "2020-03-04T08:33:35.000Z",
    "pageAt": "#4222-4222",
    "title": "变革中国",
  },
  Object {
    "bookId": "0",
    "content": "康德写道:\\"高尚的意志之所以高尚,并不是看它达成的效果。高尚的意志因其自身而高尚。即使尽了最大的努力也一无所成,它仍然因其自身而闪耀光芒,它本身就蕴含了全部的价值。\\"",
    "createdAt": "2020-03-08T08:50:57.000Z",
    "pageAt": "#1960-1961",
    "title": "公正 : 该如何做是好？",
  },
  Object {
    "bookId": "0",
    "content": "一项绝对律令要求得到无条件的执行,不需要考虑任何其他目的。你可以在这三对矛盾关系中看出联系出来,要想自由,要想自治,就要在行动的时候不按照假言律令行事,而是遵从绝对律令。",
    "createdAt": "2020-03-08T19:32:52.000Z",
    "pageAt": "#2120-2122",
    "title": "公正 : 该如何做是好？",
  },
  Object {
    "bookId": "0",
    "content": "我们理性思考的能力、我们内在的人性是人的尊严的基础,这种人性,这种理性思考的能力,为我们大家共同拥有。",
    "createdAt": "2020-03-08T19:39:42.000Z",
    "pageAt": "#2177-2178",
    "title": "公正 : 该如何做是好？",
  },
]
`;

exports[`parser: 英文文件解析 1`] = `
Array [
  Object {
    "bookId": "0",
    "content": "the reader called a photomultiplier",
    "createdAt": "2019-02-19T19:32:33.000Z",
    "pageAt": "27",
    "title": "Bad Blood: Secrets and Lies in a Silicon Valley Startup",
  },
  Object {
    "bookId": "0",
    "content": "Susan was mortified, but Elizabeth kept her composure and blamed a minor technical glitch.",
    "createdAt": "2019-02-26T09:46:01.000Z",
    "pageAt": "50",
    "title": "Bad Blood: Secrets and Lies in a Silicon Valley Startup",
  },
  Object {
    "bookId": "0",
    "content": "He was reminded of an old saying: “When you strike at the king, you must kill him.”",
    "createdAt": "2019-02-26T09:52:21.000Z",
    "pageAt": "51",
    "title": "Bad Blood: Secrets and Lies in a Silicon Valley Startup",
  },
  Object {
    "bookId": "0",
    "content": "Nor did he have the patience to listen to the scientists’ explanations. It was easier to just blame the cellular connection.",
    "createdAt": "2019-03-06T09:27:40.000Z",
    "pageAt": "73",
    "title": "Bad Blood: Secrets and Lies in a Silicon Valley Startup",
  },
  Object {
    "bookId": "0",
    "content": "In her relentless drive to be a successful startup founder, she had built a bubble around herself that was cutting her off from reality.",
    "createdAt": "2019-03-08T09:43:28.000Z",
    "pageAt": "80",
    "title": "Bad Blood: Secrets and Lies in a Silicon Valley Startup",
  },
  Object {
    "bookId": "0",
    "content": "They were all in their mid- to late twenties with good educations, but they valued different things.",
    "createdAt": "2019-03-15T09:45:52.000Z",
    "pageAt": "100",
    "title": "Bad Blood: Secrets and Lies in a Silicon Valley Startup",
  },
  Object {
    "bookId": "0",
    "content": "Not long after, a chill descended",
    "createdAt": "2019-03-15T09:52:16.000Z",
    "pageAt": "101",
    "title": "Bad Blood: Secrets and Lies in a Silicon Valley Startup",
  },
  Object {
    "bookId": "0",
    "content": "我们对局部的观察是为了对整体作出判断；研究所有的原因，是为了审视所有的结果。",
    "createdAt": "2019-03-21T09:53:15.000Z",
    "pageAt": "#99-99",
    "title": "论法的精神",
  },
  Object {
    "bookId": "0",
    "content": "人类一旦置身于社会，软弱的情感便荡然无存；原本存在于人们之间的平等也随之消失，于是战争状态便开始了",
    "createdAt": "2019-03-21T20:43:15.000Z",
    "pageAt": "#186-187",
    "title": "论法的精神",
  },
  Object {
    "bookId": "0",
    "content": "在和平时期，各国应该尽其所能谋求彼此间的利益的最大限度的提高；在战争状态下，尽可能地减少损失，不至于毁灭各自真正的切身利益",
    "createdAt": "2019-03-21T20:45:33.000Z",
    "pageAt": "#194-195",
    "title": "论法的精神",
  },
  Object {
    "bookId": "0",
    "content": "事物总是要向前发展，并且要遵循某种规律运行，既不能太缓慢，也不能太迅速。但是人民的行为往往总是过于积极，或是过于消极。有时候十万只手臂能掀翻一",
    "createdAt": "2019-03-21T20:52:05.000Z",
    "pageAt": "#263-264",
    "title": "论法的精神",
  },
  Object {
    "bookId": "0",
    "content": "这正是罗马的专政统治时间很短的原因所在，因为人民总是按照热情而绝非按规划行事。独裁官员必须具有骇人的能力，因为他们的目的在于恫吓民众，并非去惩处人民；独裁官只是为某一件事而设立，他们也只能在这件事上享有无限的权力",
    "createdAt": "2019-03-22T09:46:23.000Z",
    "pageAt": "#317-320",
    "title": "论法的精神",
  },
  Object {
    "bookId": "0",
    "content": "过去十年间，CIO每两年肯定会轮换一次，就像钟表一样规律。他们在位的时间仅够理解各种首字母缩写的含义，知道卫生间在哪里，推行一堆计划和倡议，然后梦想破灭，然后走人",
    "createdAt": "2019-03-25T09:46:24.000Z",
    "pageAt": "5",
    "title": "凤凰项目 一个IT运维的传奇故事",
  },
  Object {
    "bookId": "0",
    "content": "我想我更关心公司的生存，而不是用不用原来的流程。",
    "createdAt": "2019-03-27T19:48:11.000Z",
    "pageAt": "70",
    "title": "凤凰项目 一个IT运维的传奇故事",
  },
  Object {
    "bookId": "0",
    "content": "不应该根据第一个工作站的效率来安排工作，而是根据瓶颈资源所能完成工作的速度来安排工作",
    "createdAt": "2019-03-27T19:56:38.000Z",
    "pageAt": "78",
    "title": "凤凰项目 一个IT运维的传奇故事",
  },
  Object {
    "bookId": "0",
    "content": "创建约束理论的艾利·高德拉特告诉我们，在瓶颈之外的任何地方作出的改进都是假象。难以置信，但千真万确！在瓶颈之后作出任何改进都是徒劳的，因为只能干等着瓶颈把工作传送过来。而在瓶颈之前作出的任何改进则只会导致瓶颈处堆积更多的库存",
    "createdAt": "2019-03-27T19:57:26.000Z",
    "pageAt": "78",
    "title": "凤凰项目 一个IT运维的传奇故事",
  },
  Object {
    "bookId": "0",
    "content": "“如果换作是我，我会想方设法辩解说这活儿只需要短短几分钟……”帕蒂说，“也许确实如此，但每个人的请求积少成多，这就要了命了。”",
    "createdAt": "2019-03-28T09:59:07.000Z",
    "pageAt": "104",
    "title": "凤凰项目 一个IT运维的传奇故事",
  },
  Object {
    "bookId": "0",
    "content": "流程是用来保护人的",
    "createdAt": "2019-03-28T09:59:23.000Z",
    "pageAt": "104",
    "title": "凤凰项目 一个IT运维的传奇故事",
  },
  Object {
    "bookId": "0",
    "content": "我们在接受工作之前，不对工作能力和工作要求作任何形式的分析。也就是说，我们总是在赶工，不得不走捷径，那就意味着在生产中出现更多脆弱的应用程序。也就意味着将来会出现更多的计划外工作和救火工作。因此，我们一直在原地打转",
    "createdAt": "2019-04-03T09:40:48.000Z",
    "pageAt": "182",
    "title": "凤凰项目 一个IT运维的传奇故事",
  },
  Object {
    "bookId": "0",
    "content": "改进日常工作比开展日常工作更重要",
    "createdAt": "2019-04-03T21:16:17.000Z",
    "pageAt": "200",
    "title": "凤凰项目 一个IT运维的传奇故事",
  },
  Object {
    "bookId": "0",
    "content": "代码投产之前，实际上并未产生任何价值，因为那只是困在系统里的半成品。",
    "createdAt": "2019-04-07T09:59:31.000Z",
    "pageAt": "282",
    "title": "凤凰项目 一个IT运维的传奇故事",
  },
  Object {
    "bookId": "0",
    "content": "有个智者曾经告诉我，‘一时的救世主固然好，但普世的圣经则更有用’。",
    "createdAt": "2019-04-07T11:18:42.000Z",
    "pageAt": "322",
    "title": "凤凰项目 一个IT运维的传奇故事",
  },
  Object {
    "bookId": "0",
    "content": "LinkedIn在2011年成功实施IPO之后六个月，在问题部署上吃尽苦头，于是发起了“逆向操作”行动——为期两个月的功能冻结，并因此得以彻底检修其计算环境、部署和架构体系。",
    "createdAt": "2019-04-08T08:58:31.000Z",
    "pageAt": "324",
    "title": "凤凰项目 一个IT运维的传奇故事",
  },
  Object {
    "bookId": "0",
    "content": "这形成了埃瑞克第三工作法的基础。他解释道：“它是关于如何建立一种文化，既能鼓励探索、从失败中吸取教训，又能理解反复的实践是精通工作的先决条件。",
    "createdAt": "2019-04-08T09:07:51.000Z",
    "pageAt": "324",
    "title": "凤凰项目 一个IT运维的传奇故事",
  },
  Object {
    "bookId": "0",
    "content": "当苏拉意欲将自由重新赋予罗马的时候，罗马却不再接受自由了。它只残留下微弱的品德。由于它的品德日益减少，所以在经历了恺撒、提贝留斯、盖犹斯、格老狄乌斯、尼禄和多密先之后，罗马仍然没有清醒过来，倒是受奴役的程度日益加深，所有的攻击都指向暴君，却没有一次是针对暴政",
    "createdAt": "2019-04-08T09:19:45.000Z",
    "pageAt": "#410-413",
    "title": "论法的精神",
  },
  Object {
    "bookId": "0",
    "content": "生活在平民政治中的希腊政治家知道，支持他们的惟一力量来自于品德。今天的希腊人只给我们谈工艺、贸易、财政、财富，甚至谈论奢侈。",
    "createdAt": "2019-04-08T09:20:19.000Z",
    "pageAt": "#413-414",
    "title": "论法的精神",
  },
  Object {
    "bookId": "0",
    "content": "当品德丧失时，野心便占据了易于接受它的人们的心灵，并且贪婪地占据几乎所有人的心灵",
    "createdAt": "2019-04-08T09:20:52.000Z",
    "pageAt": "#415-416",
    "title": "论法的精神",
  },
  Object {
    "bookId": "0",
    "content": "贵族团体抑制其他人轻而易举，然而抑制自己并非易事[4]。这种政体的性质就是如此，似乎将贵族置于法律权威之下，又将他们排除在法律之外",
    "createdAt": "2019-04-08T09:24:27.000Z",
    "pageAt": "#438-439",
    "title": "论法的精神",
  },
  Object {
    "bookId": "0",
    "content": "节制是贵族政治的灵魂。我所指的是那种建立在品德基础之上的节制，而并非那来自怯懦和精神上的怠惰的节制",
    "createdAt": "2019-04-08T09:24:47.000Z",
    "pageAt": "#442-443",
    "title": "论法的精神",
  },
  Object {
    "bookId": "0",
    "content": "我非常了解有品德的君主并不少，然而我所说的是，在君主国里人民要具有品德是非常困难的",
    "createdAt": "2019-04-08T09:25:55.000Z",
    "pageAt": "#453-454",
    "title": "论法的精神",
  },
  Object {
    "bookId": "0",
    "content": "专制国家的原则绝不是荣誉。那里的人们完全平等，没有人自恃优越；那里的人们也都是奴隶，没有人能比别人更一无所有",
    "createdAt": "2019-04-08T09:27:53.000Z",
    "pageAt": "#478-479",
    "title": "论法的精神",
  },
  Object {
    "bookId": "0",
    "content": "教育的法律在各种政体中也有所区别。在君主国里，教育的法律应该是荣誉；在共和国里，则应该是品德；在专制国里就是恐怖了",
    "createdAt": "2019-04-08T20:48:25.000Z",
    "pageAt": "#531-532",
    "title": "论法的精神",
  },
  Object {
    "bookId": "0",
    "content": "人们向我们展示的品德，往往在于自我应尽的义务，而对于他人应尽的义务却少于前者。这些品德，与其说是召唤我们去接近自己的同伴，还不如说是使我们有别于自己的同胞。",
    "createdAt": "2019-04-08T20:49:27.000Z",
    "pageAt": "#536-538",
    "title": "论法的精神",
  },
  Object {
    "bookId": "0",
    "content": "评判人们行为的标准并不是好与坏，而是美与丑；不是正确与否，而是伟大与否；不是合理与否，而是非凡与否",
    "createdAt": "2019-04-08T20:49:47.000Z",
    "pageAt": "#538-539",
    "title": "论法的精神",
  },
  Object {
    "bookId": "0",
    "content": "荣誉完全许可我们重视我们的财富，却绝对不许可我们重视我们的生命",
    "createdAt": "2019-04-08T20:54:13.000Z",
    "pageAt": "#575-576",
    "title": "论法的精神",
  },
  Object {
    "bookId": "0",
    "content": "君主国家的教育致力于提高人们的心志，而专制国家的教育所追求的则是降低人民的心志",
    "createdAt": "2019-04-08T20:55:22.000Z",
    "pageAt": "#579-580",
    "title": "论法的精神",
  },
  Object {
    "bookId": "0",
    "content": "绝对的服从便意味着服从者是愚蠢的，甚至发出命令的人也是愚蠢的，因为他丝毫不需要去思索、怀疑或者推理，他仅仅只需要表达一下自己的意愿就够了",
    "createdAt": "2019-04-08T20:55:45.000Z",
    "pageAt": "#581-583",
    "title": "论法的精神",
  },
  Object {
    "bookId": "0",
    "content": "社会教育给予我们的说教，将父亲和师长教育的全部理念都推翻了。",
    "createdAt": "2019-04-08T20:57:05.000Z",
    "pageAt": "#594-595",
    "title": "论法的精神",
  },
  Object {
    "bookId": "0",
    "content": "但是只有中等富裕的人才能交纳或容忍这类补偿。因为对于巨富们而言，一切与他们的权利和荣誉不相符合的东西，都会被视为是某种侮辱。",
    "createdAt": "2019-04-08T21:15:42.000Z",
    "pageAt": "#753-754",
    "title": "论法的精神",
  },
  Object {
    "bookId": "0",
    "content": "如果说，围绕着君王们的显赫与豪华是他们权利的一部分的话，那么贵族们表面上的谦逊和朴实就是他们的力量所在[13]。当他们不矫揉造作地显示高贵时，当他们混迹于民众之中时，当他们与平民同穿素衣时，当他们与民共享所有快乐时，平民便会忘记自己的贫弱。",
    "createdAt": "2019-04-08T21:21:17.000Z",
    "pageAt": "#819-822",
    "title": "论法的精神",
  },
]
`;
